#
# There is insufficient memory for the Java Runtime Environment to continue.
# Native memory allocation (malloc) failed to allocate 1048576 bytes. Error detail: AllocateHeap
# Possible reasons:
#   The system is out of physical RAM or swap space
#   This process is running with CompressedOops enabled, and the Java Heap may be blocking the growth of the native heap
# Possible solutions:
#   Reduce memory load on the system
#   Increase physical memory or swap space
#   Check if swap backing store is full
#   Decrease Java heap size (-Xmx/-Xms)
#   Decrease number of Java threads
#   Decrease Java thread stack sizes (-Xss)
#   Set larger code cache with -XX:ReservedCodeCacheSize=
#   JVM is running with Unscaled Compressed Oops mode in which the Java heap is
#     placed in the first 4GB address space. The Java Heap base address is the
#     maximum limit for the native heap growth. Please use -XX:HeapBaseMinAddress
#     to set the Java Heap base and to place the Java Heap above 4GB virtual address.
# This output file may be truncated or incomplete.
#
#  Out of Memory Error (allocation.cpp:44), pid=25580, tid=23292
#
# JRE version: OpenJDK Runtime Environment Temurin-21.0.8+9 (21.0.8+9) (build 21.0.8+9-LTS)
# Java VM: OpenJDK 64-Bit Server VM Temurin-21.0.8+9 (21.0.8+9-LTS, mixed mode, sharing, tiered, compressed oops, compressed class ptrs, parallel gc, windows-amd64)
# No core dump will be written. Minidumps are not enabled by default on client versions of Windows
#

---------------  S U M M A R Y ------------

Command Line: --add-modules=ALL-SYSTEM --add-opens=java.base/java.util=ALL-UNNAMED --add-opens=java.base/java.lang=ALL-UNNAMED --add-opens=java.base/sun.nio.fs=ALL-UNNAMED -Declipse.application=org.eclipse.jdt.ls.core.id1 -Dosgi.bundles.defaultStartLevel=4 -Declipse.product=org.eclipse.jdt.ls.core.product -Djava.import.generatesMetadataFilesAtProjectRoot=false -DDetectVMInstallationsJob.disabled=true -Dfile.encoding=utf8 -XX:+UseParallelGC -XX:GCTimeRatio=4 -XX:AdaptiveSizePolicyWeight=90 -Dsun.zip.disableMemoryMapping=true -Xmx2G -Xms100m -Xlog:disable -javaagent:c:\Users\Fazer-PC\.cursor\extensions\redhat.java-1.45.0-win32-x64\lombok\lombok-1.18.39-4050.jar -XX:+HeapDumpOnOutOfMemoryError -XX:HeapDumpPath=c:\Users\Fazer-PC\AppData\Roaming\Cursor\User\workspaceStorage\53e90172835553633decfbd725166b6d\redhat.java -Daether.dependencyCollector.impl=bf c:\Users\Fazer-PC\.cursor\extensions\redhat.java-1.45.0-win32-x64\server\plugins\org.eclipse.equinox.launcher_1.7.0.v20250519-0528.jar -configuration c:\Users\Fazer-PC\AppData\Roaming\Cursor\User\globalStorage\redhat.java\1.45.0\config_win -data c:\Users\Fazer-PC\AppData\Roaming\Cursor\User\workspaceStorage\53e90172835553633decfbd725166b6d\redhat.java\jdt_ws --pipe=\\.\pipe\lsp-0e24f99657ec6cd8d5516b3e412eb7b1-sock

Host: AMD Ryzen 5 3600 6-Core Processor              , 12 cores, 31G,  Windows 11 , 64 bit Build 26100 (10.0.26100.4768)
Time: Mon Sep 15 21:42:31 2025 elapsed time: 177.457479 seconds (0d 0h 2m 57s)

---------------  T H R E A D  ---------------

Current thread (0x000002050859d8c0):  JavaThread "Attach Listener" daemon [_thread_in_vm, id=23292, stack(0x000000e294200000,0x000000e294300000) (1024K)]

Stack: [0x000000e294200000,0x000000e294300000]
Native frames: (J=compiled Java code, j=interpreted, Vv=VM code, C=native code)
V  [jvm.dll+0x6d2449]
V  [jvm.dll+0x8ae341]
V  [jvm.dll+0x8b08be]
V  [jvm.dll+0x8b0fa3]
V  [jvm.dll+0x280c96]
V  [jvm.dll+0xc0347]
V  [jvm.dll+0x6d2cf9]
V  [jvm.dll+0x131116]
V  [jvm.dll+0x3f2d16]
V  [jvm.dll+0x857e6b]
V  [jvm.dll+0x6d0b0d]
C  [ucrtbase.dll+0x37b0]
C  [KERNEL32.DLL+0x2e8d7]
C  [ntdll.dll+0x3c34c]


---------------  P R O C E S S  ---------------

Threads class SMR info:
_java_thread_list=0x000002056ae2da30, length=45, elements={
0x00000205060aa180, 0x000002050869a820, 0x0000020508598470, 0x000002050869f0c0,
0x000002050859d8c0, 0x00000205086a2aa0, 0x00000205086a7840, 0x000002056137a490,
0x00000205086adbb0, 0x000002056144ebb0, 0x000002056144e520, 0x000002056144f240,
0x00000205614505f0, 0x000002056144f8d0, 0x000002056144ff60, 0x0000020561450c80,
0x0000020561451310, 0x00000205677244f0, 0x0000020567721070, 0x0000020567723140,
0x0000020567721d90, 0x0000020567721700, 0x0000020567725210, 0x00000205677237d0,
0x0000020567722ab0, 0x0000020567723e60, 0x0000020567728690, 0x0000020567728000,
0x0000020567726c50, 0x00000205677272e0, 0x00000205677265c0, 0x0000020567727970,
0x0000020569907490, 0x0000020569909560, 0x0000020569907b20, 0x0000020569909bf0,
0x000002056990a280, 0x00000205699081b0, 0x0000020569908840, 0x000002056990c9e0,
0x000002056990eab0, 0x000002056990d070, 0x000002056990d700, 0x0000020562845280,
0x0000020562846cc0
}

Java Threads: ( => current thread )
  0x00000205060aa180 JavaThread "main"                              [_thread_blocked, id=15216, stack(0x000000e293b00000,0x000000e293c00000) (1024K)]
  0x000002050869a820 JavaThread "Reference Handler"          daemon [_thread_blocked, id=19468, stack(0x000000e293f00000,0x000000e294000000) (1024K)]
  0x0000020508598470 JavaThread "Finalizer"                  daemon [_thread_blocked, id=5164, stack(0x000000e294000000,0x000000e294100000) (1024K)]
  0x000002050869f0c0 JavaThread "Signal Dispatcher"          daemon [_thread_blocked, id=23028, stack(0x000000e294100000,0x000000e294200000) (1024K)]
=>0x000002050859d8c0 JavaThread "Attach Listener"            daemon [_thread_in_vm, id=23292, stack(0x000000e294200000,0x000000e294300000) (1024K)]
  0x00000205086a2aa0 JavaThread "Service Thread"             daemon [_thread_blocked, id=1220, stack(0x000000e294300000,0x000000e294400000) (1024K)]
  0x00000205086a7840 JavaThread "Monitor Deflation Thread"   daemon [_thread_blocked, id=24124, stack(0x000000e294400000,0x000000e294500000) (1024K)]
  0x000002056137a490 JavaThread "C2 CompilerThread0"         daemon [_thread_in_native, id=22544, stack(0x000000e294500000,0x000000e294600000) (1024K)]
  0x00000205086adbb0 JavaThread "C1 CompilerThread0"         daemon [_thread_blocked, id=8880, stack(0x000000e294600000,0x000000e294700000) (1024K)]
  0x000002056144ebb0 JavaThread "Common-Cleaner"             daemon [_thread_blocked, id=7884, stack(0x000000e294700000,0x000000e294800000) (1024K)]
  0x000002056144e520 JavaThread "Notification Thread"        daemon [_thread_blocked, id=17136, stack(0x000000e294900000,0x000000e294a00000) (1024K)]
  0x000002056144f240 JavaThread "Active Thread: Equinox Container: d214557f-561d-4410-97bf-e093ff2caf25"        [_thread_blocked, id=17764, stack(0x000000e295100000,0x000000e295200000) (1024K)]
  0x00000205614505f0 JavaThread "Refresh Thread: Equinox Container: d214557f-561d-4410-97bf-e093ff2caf25" daemon [_thread_blocked, id=20612, stack(0x000000e295200000,0x000000e295300000) (1024K)]
  0x000002056144f8d0 JavaThread "Framework Event Dispatcher: Equinox Container: d214557f-561d-4410-97bf-e093ff2caf25" daemon [_thread_blocked, id=11760, stack(0x000000e295400000,0x000000e295500000) (1024K)]
  0x000002056144ff60 JavaThread "Start Level: Equinox Container: d214557f-561d-4410-97bf-e093ff2caf25" daemon [_thread_blocked, id=8384, stack(0x000000e295500000,0x000000e295600000) (1024K)]
  0x0000020561450c80 JavaThread "Bundle File Closer"         daemon [_thread_blocked, id=23440, stack(0x000000e295800000,0x000000e295900000) (1024K)]
  0x0000020561451310 JavaThread "SCR Component Actor"        daemon [_thread_blocked, id=25228, stack(0x000000e295900000,0x000000e295a00000) (1024K)]
  0x00000205677244f0 JavaThread "Worker-JM"                         [_thread_blocked, id=11492, stack(0x000000e295b00000,0x000000e295c00000) (1024K)]
  0x0000020567721070 JavaThread "JNA Cleaner"                daemon [_thread_blocked, id=17064, stack(0x000000e295c00000,0x000000e295d00000) (1024K)]
  0x0000020567723140 JavaThread "Worker-1"                          [_thread_blocked, id=17188, stack(0x000000e295e00000,0x000000e295f00000) (1024K)]
  0x0000020567721d90 JavaThread "Worker-2"                          [_thread_blocked, id=13588, stack(0x000000e295f00000,0x000000e296000000) (1024K)]
  0x0000020567721700 JavaThread "Java indexing"              daemon [_thread_blocked, id=11580, stack(0x000000e296000000,0x000000e296100000) (1024K)]
  0x0000020567725210 JavaThread "Thread-2"                   daemon [_thread_in_native, id=8808, stack(0x000000e296600000,0x000000e296700000) (1024K)]
  0x00000205677237d0 JavaThread "Thread-3"                   daemon [_thread_in_native, id=10200, stack(0x000000e296700000,0x000000e296800000) (1024K)]
  0x0000020567722ab0 JavaThread "Thread-4"                   daemon [_thread_in_native, id=16076, stack(0x000000e296800000,0x000000e296900000) (1024K)]
  0x0000020567723e60 JavaThread "Thread-5"                   daemon [_thread_in_native, id=16816, stack(0x000000e296900000,0x000000e296a00000) (1024K)]
  0x0000020567728690 JavaThread "Thread-6"                   daemon [_thread_in_native, id=17576, stack(0x000000e296a00000,0x000000e296b00000) (1024K)]
  0x0000020567728000 JavaThread "Thread-7"                   daemon [_thread_in_native, id=16052, stack(0x000000e296b00000,0x000000e296c00000) (1024K)]
  0x0000020567726c50 JavaThread "Thread-8"                   daemon [_thread_in_native, id=6576, stack(0x000000e296c00000,0x000000e296d00000) (1024K)]
  0x00000205677272e0 JavaThread "Thread-9"                   daemon [_thread_in_native, id=14040, stack(0x000000e296d00000,0x000000e296e00000) (1024K)]
  0x00000205677265c0 JavaThread "Thread-10"                  daemon [_thread_in_native, id=20404, stack(0x000000e296e00000,0x000000e296f00000) (1024K)]
  0x0000020567727970 JavaThread "Thread-11"                  daemon [_thread_in_native, id=24760, stack(0x000000e296f00000,0x000000e297000000) (1024K)]
  0x0000020569907490 JavaThread "Thread-12"                  daemon [_thread_in_native, id=412, stack(0x000000e297000000,0x000000e297100000) (1024K)]
  0x0000020569909560 JavaThread "Thread-13"                  daemon [_thread_in_native, id=10740, stack(0x000000e297100000,0x000000e297200000) (1024K)]
  0x0000020569907b20 JavaThread "Thread-14"                  daemon [_thread_in_native, id=25968, stack(0x000000e297200000,0x000000e297300000) (1024K)]
  0x0000020569909bf0 JavaThread "pool-2-thread-1"                   [_thread_blocked, id=20576, stack(0x000000e297300000,0x000000e297400000) (1024K)]
  0x000002056990a280 JavaThread "WorkspaceEventsHandler"            [_thread_blocked, id=23720, stack(0x000000e297400000,0x000000e297500000) (1024K)]
  0x00000205699081b0 JavaThread "pool-1-thread-1"                   [_thread_blocked, id=12548, stack(0x000000e297500000,0x000000e297600000) (1024K)]
  0x0000020569908840 JavaThread "Timer-0"                           [_thread_blocked, id=1876, stack(0x000000e297800000,0x000000e297900000) (1024K)]
  0x000002056990c9e0 JavaThread "Timer-1"                           [_thread_blocked, id=23772, stack(0x000000e294a00000,0x000000e294b00000) (1024K)]
  0x000002056990eab0 JavaThread "Timer-2"                           [_thread_blocked, id=15900, stack(0x000000e297a00000,0x000000e297b00000) (1024K)]
  0x000002056990d070 JavaThread "Timer-3"                           [_thread_blocked, id=5368, stack(0x000000e297b00000,0x000000e297c00000) (1024K)]
  0x000002056990d700 JavaThread "Timer-4"                           [_thread_blocked, id=7252, stack(0x000000e297c00000,0x000000e297d00000) (1024K)]
  0x0000020562845280 JavaThread "Timer-5"                           [_thread_blocked, id=2088, stack(0x000000e294800000,0x000000e294900000) (1024K)]
  0x0000020562846cc0 JavaThread "Timer-6"                           [_thread_blocked, id=20220, stack(0x000000e295a00000,0x000000e295b00000) (1024K)]
Total: 45

Other Threads:
  0x0000020508584140 VMThread "VM Thread"                           [id=15888, stack(0x000000e293e00000,0x000000e293f00000) (1024K)] _threads_hazard_ptr=0x000002056ae2da30
  0x000002050865e2d0 WatcherThread "VM Periodic Task Thread"        [id=24664, stack(0x000000e293d00000,0x000000e293e00000) (1024K)]
  0x000002050860f6b0 WorkerThread "GC Thread#0"                     [id=8836, stack(0x000000e293c00000,0x000000e293d00000) (1024K)]
  0x00000205628cc9e0 WorkerThread "GC Thread#1"                     [id=25884, stack(0x000000e294b00000,0x000000e294c00000) (1024K)]
  0x0000020562919370 WorkerThread "GC Thread#2"                     [id=10872, stack(0x000000e294c00000,0x000000e294d00000) (1024K)]
  0x0000020562958430 WorkerThread "GC Thread#3"                     [id=19812, stack(0x000000e294d00000,0x000000e294e00000) (1024K)]
  0x00000205629587d0 WorkerThread "GC Thread#4"                     [id=17832, stack(0x000000e294e00000,0x000000e294f00000) (1024K)]
  0x00000205627325b0 WorkerThread "GC Thread#5"                     [id=20560, stack(0x000000e294f00000,0x000000e295000000) (1024K)]
  0x00000205629fac20 WorkerThread "GC Thread#6"                     [id=22332, stack(0x000000e295000000,0x000000e295100000) (1024K)]
  0x0000020567176090 WorkerThread "GC Thread#7"                     [id=3204, stack(0x000000e295300000,0x000000e295400000) (1024K)]
  0x0000020567748730 WorkerThread "GC Thread#8"                     [id=10780, stack(0x000000e295600000,0x000000e295700000) (1024K)]
  0x000002056722d180 WorkerThread "GC Thread#9"                     [id=17980, stack(0x000000e295700000,0x000000e295800000) (1024K)]
Total: 12

Threads with active compile tasks:
C2 CompilerThread0  178472 10407       4       org.eclipse.jdt.ls.core.internal.filesystem.JLSFile::getChild (121 bytes)
Total: 1

VM state: synchronizing (normal execution)

VM Mutex/Monitor currently owned by a thread:  ([mutex/lock_event])
[0x00007ffbe9585458] Threads_lock - owner thread: 0x0000020508584140

Heap address: 0x0000000080000000, size: 2048 MB, Compressed Oops mode: 32-bit

CDS archive(s) mapped at: [0x000002051f000000-0x000002051fba0000-0x000002051fba0000), size 12189696, SharedBaseAddress: 0x000002051f000000, ArchiveRelocationMode: 1.
Compressed class space mapped at: 0x0000020520000000-0x0000020560000000, reserved size: 1073741824
Narrow klass base: 0x000002051f000000, Narrow klass shift: 0, Narrow klass range: 0x100000000

GC Precious Log:
 CardTable entry size: 512
 CPUs: 12 total, 12 available
 Memory: 32671M
 Large Page Support: Disabled
 NUMA Support: Disabled
 Compressed Oops: Enabled (32-bit)
 Alignments: Space 512K, Generation 512K, Heap 2M
 Heap Min Capacity: 100M
 Heap Initial Capacity: 100M
 Heap Max Capacity: 2G
 Pre-touch: Disabled
 Parallel Workers: 10

Heap:
 PSYoungGen      total 20480K, used 15837K [0x00000000d5580000, 0x00000000d6d80000, 0x0000000100000000)
  eden space 16384K, 73% used [0x00000000d5580000,0x00000000d614bb58,0x00000000d6580000)
  from space 4096K, 91% used [0x00000000d6700000,0x00000000d6aaba48,0x00000000d6b00000)
  to   space 2560K, 0% used [0x00000000d6b00000,0x00000000d6b00000,0x00000000d6d80000)
 ParOldGen       total 68608K, used 65953K [0x0000000080000000, 0x0000000084300000, 0x00000000d5580000)
  object space 68608K, 96% used [0x0000000080000000,0x0000000084068450,0x0000000084300000)
 Metaspace       used 76278K, committed 77824K, reserved 1179648K
  class space    used 9238K, committed 9856K, reserved 1048576K

Card table byte_map: [0x0000020507f90000,0x00000205083a0000] _byte_map_base: 0x0000020507b90000

Marking Bits: (ParMarkBitMap*) 0x00007ffbe958a340
 Begin Bits: [0x000002051aa90000, 0x000002051ca90000)
 End Bits:   [0x000002051ca90000, 0x000002051ea90000)

Polling page: 0x00000205063e0000

Metaspace:

Usage:
  Non-class:     65.47 MB used.
      Class:      9.02 MB used.
       Both:     74.49 MB used.

Virtual space:
  Non-class space:      128.00 MB reserved,      66.38 MB ( 52%) committed,  2 nodes.
      Class space:        1.00 GB reserved,       9.62 MB ( <1%) committed,  1 nodes.
             Both:        1.12 GB reserved,      76.00 MB (  7%) committed. 

Chunk freelists:
   Non-Class:  13.58 MB
       Class:  6.38 MB
        Both:  19.96 MB

MaxMetaspaceSize: unlimited
CompressedClassSpaceSize: 1.00 GB
Initial GC threshold: 21.00 MB
Current GC threshold: 97.31 MB
CDS: on
 - commit_granule_bytes: 65536.
 - commit_granule_words: 8192.
 - virtual_space_node_default_size: 8388608.
 - enlarge_chunks_in_place: 1.
 - use_allocation_guard: 0.


Internal statistics:

num_allocs_failed_limit: 9.
num_arena_births: 1322.
num_arena_deaths: 14.
num_vsnodes_births: 3.
num_vsnodes_deaths: 0.
num_space_committed: 1216.
num_space_uncommitted: 0.
num_chunks_returned_to_freelist: 23.
num_chunks_taken_from_freelist: 4756.
num_chunk_merges: 15.
num_chunk_splits: 3045.
num_chunks_enlarged: 1888.
num_inconsistent_stats: 0.

CodeHeap 'non-profiled nmethods': size=120000Kb used=6940Kb max_used=6940Kb free=113059Kb
 bounds [0x00000205132b0000, 0x0000020513980000, 0x000002051a7e0000]
CodeHeap 'profiled nmethods': size=120000Kb used=20481Kb max_used=20481Kb free=99518Kb
 bounds [0x000002050b7e0000, 0x000002050cbf0000, 0x0000020512d10000]
CodeHeap 'non-nmethods': size=5760Kb used=1432Kb max_used=1494Kb free=4327Kb
 bounds [0x0000020512d10000, 0x0000020512f80000, 0x00000205132b0000]
CodeCache: size=245760Kb, used=28853Kb, max_used=28915Kb, free=216904Kb
 total_blobs=10251, nmethods=9504, adapters=653, full_count=0
Compilation: enabled, stopped_count=0, restarted_count=0

Compilation events (20 events):
Event: 171.397 Thread 0x00000205086adbb0 nmethod 10410 0x0000020513975e90 code [0x0000020513976020, 0x00000205139760e8]
Event: 171.398 Thread 0x00000205086adbb0 10411       1       com.google.common.base.Splitter::access$200 (5 bytes)
Event: 171.398 Thread 0x00000205086adbb0 nmethod 10411 0x0000020513976190 code [0x0000020513976320, 0x00000205139763d0]
Event: 171.398 Thread 0x00000205086adbb0 10412       1       com.google.common.base.Splitter::access$300 (5 bytes)
Event: 171.398 Thread 0x00000205086adbb0 nmethod 10412 0x0000020513976490 code [0x0000020513976620, 0x00000205139766d0]
Event: 171.398 Thread 0x00000205086adbb0 10413       1       com.google.common.base.Splitter::access$400 (5 bytes)
Event: 171.398 Thread 0x00000205086adbb0 nmethod 10413 0x0000020513976790 code [0x0000020513976920, 0x00000205139769d0]
Event: 171.399 Thread 0x00000205086adbb0 10414       3       sun.nio.ch.Util$BufferCache::offerFirst (73 bytes)
Event: 171.399 Thread 0x00000205086adbb0 nmethod 10414 0x000002050cbdba10 code [0x000002050cbdbbc0, 0x000002050cbdbee8]
Event: 171.601 Thread 0x00000205086adbb0 10415       3       sun.nio.cs.UTF_8::newDecoder (9 bytes)
Event: 171.602 Thread 0x00000205086adbb0 nmethod 10415 0x000002050cbdc010 code [0x000002050cbdc200, 0x000002050cbdc418]
Event: 171.602 Thread 0x00000205086adbb0 10416       3       sun.nio.cs.UTF_8$Decoder::<init> (8 bytes)
Event: 171.602 Thread 0x00000205086adbb0 nmethod 10416 0x000002050cbdc510 code [0x000002050cbdc6e0, 0x000002050cbdc828]
Event: 171.602 Thread 0x00000205086adbb0 10417       3       org.eclipse.core.internal.dtree.AbstractDataTree::<init> (5 bytes)
Event: 171.602 Thread 0x00000205086adbb0 nmethod 10417 0x000002050cbdc910 code [0x000002050cbdcac0, 0x000002050cbdcc28]
Event: 171.602 Thread 0x00000205086adbb0 10418       3       org.eclipse.core.internal.dtree.DeltaDataTree::getRootData (8 bytes)
Event: 171.602 Thread 0x00000205086adbb0 nmethod 10418 0x000002050cbdcd10 code [0x000002050cbdcec0, 0x000002050cbdd078]
Event: 171.602 Thread 0x00000205086adbb0 10419       1       org.eclipse.core.internal.jobs.InternalJob::getName (5 bytes)
Event: 171.602 Thread 0x00000205086adbb0 nmethod 10419 0x0000020513976a90 code [0x0000020513976c20, 0x0000020513976ce8]
Event: 175.850 Thread 0x00000205086adbb0 10420       3       java.nio.charset.CharsetDecoder::onMalformedInput (26 bytes)

GC Heap History (20 events):
Event: 7.616 GC heap before
{Heap before GC invocations=55 (full 3):
 PSYoungGen      total 19456K, used 18752K [0x00000000d5580000, 0x00000000d6a00000, 0x0000000100000000)
  eden space 18432K, 100% used [0x00000000d5580000,0x00000000d6780000,0x00000000d6780000)
  from space 1024K, 31% used [0x00000000d6800000,0x00000000d6850000,0x00000000d6900000)
  to   space 512K, 0% used [0x00000000d6980000,0x00000000d6980000,0x00000000d6a00000)
 ParOldGen       total 68608K, used 56005K [0x0000000080000000, 0x0000000084300000, 0x00000000d5580000)
  object space 68608K, 81% used [0x0000000080000000,0x00000000836b16c0,0x0000000084300000)
 Metaspace       used 66894K, committed 68288K, reserved 1114112K
  class space    used 8302K, committed 8896K, reserved 1048576K
}
Event: 7.617 GC heap after
{Heap after GC invocations=55 (full 3):
 PSYoungGen      total 18944K, used 512K [0x00000000d5580000, 0x00000000d6a00000, 0x0000000100000000)
  eden space 18432K, 0% used [0x00000000d5580000,0x00000000d5580000,0x00000000d6780000)
  from space 512K, 100% used [0x00000000d6980000,0x00000000d6a00000,0x00000000d6a00000)
  to   space 1024K, 0% used [0x00000000d6800000,0x00000000d6800000,0x00000000d6900000)
 ParOldGen       total 68608K, used 56125K [0x0000000080000000, 0x0000000084300000, 0x00000000d5580000)
  object space 68608K, 81% used [0x0000000080000000,0x00000000836cf6d0,0x0000000084300000)
 Metaspace       used 66894K, committed 68288K, reserved 1114112K
  class space    used 8302K, committed 8896K, reserved 1048576K
}
Event: 10.301 GC heap before
{Heap before GC invocations=56 (full 3):
 PSYoungGen      total 18944K, used 18944K [0x00000000d5580000, 0x00000000d6a00000, 0x0000000100000000)
  eden space 18432K, 100% used [0x00000000d5580000,0x00000000d6780000,0x00000000d6780000)
  from space 512K, 100% used [0x00000000d6980000,0x00000000d6a00000,0x00000000d6a00000)
  to   space 1024K, 0% used [0x00000000d6800000,0x00000000d6800000,0x00000000d6900000)
 ParOldGen       total 68608K, used 56125K [0x0000000080000000, 0x0000000084300000, 0x00000000d5580000)
  object space 68608K, 81% used [0x0000000080000000,0x00000000836cf6d0,0x0000000084300000)
 Metaspace       used 67867K, committed 69376K, reserved 1114112K
  class space    used 8420K, committed 9088K, reserved 1048576K
}
Event: 10.302 GC heap after
{Heap after GC invocations=56 (full 3):
 PSYoungGen      total 19456K, used 799K [0x00000000d5580000, 0x00000000d6a00000, 0x0000000100000000)
  eden space 18432K, 0% used [0x00000000d5580000,0x00000000d5580000,0x00000000d6780000)
  from space 1024K, 78% used [0x00000000d6800000,0x00000000d68c7f50,0x00000000d6900000)
  to   space 1024K, 0% used [0x00000000d6900000,0x00000000d6900000,0x00000000d6a00000)
 ParOldGen       total 68608K, used 56635K [0x0000000080000000, 0x0000000084300000, 0x00000000d5580000)
  object space 68608K, 82% used [0x0000000080000000,0x000000008374ec98,0x0000000084300000)
 Metaspace       used 67867K, committed 69376K, reserved 1114112K
  class space    used 8420K, committed 9088K, reserved 1048576K
}
Event: 10.394 GC heap before
{Heap before GC invocations=57 (full 3):
 PSYoungGen      total 19456K, used 19231K [0x00000000d5580000, 0x00000000d6a00000, 0x0000000100000000)
  eden space 18432K, 100% used [0x00000000d5580000,0x00000000d6780000,0x00000000d6780000)
  from space 1024K, 78% used [0x00000000d6800000,0x00000000d68c7f50,0x00000000d6900000)
  to   space 1024K, 0% used [0x00000000d6900000,0x00000000d6900000,0x00000000d6a00000)
 ParOldGen       total 68608K, used 56635K [0x0000000080000000, 0x0000000084300000, 0x00000000d5580000)
  object space 68608K, 82% used [0x0000000080000000,0x000000008374ec98,0x0000000084300000)
 Metaspace       used 69037K, committed 70592K, reserved 1114112K
  class space    used 8548K, committed 9216K, reserved 1048576K
}
Event: 10.396 GC heap after
{Heap after GC invocations=57 (full 3):
 PSYoungGen      total 17408K, used 1021K [0x00000000d5580000, 0x00000000d6e80000, 0x0000000100000000)
  eden space 16384K, 0% used [0x00000000d5580000,0x00000000d5580000,0x00000000d6580000)
  from space 1024K, 99% used [0x00000000d6900000,0x00000000d69ff658,0x00000000d6a00000)
  to   space 3584K, 0% used [0x00000000d6580000,0x00000000d6580000,0x00000000d6900000)
 ParOldGen       total 68608K, used 58447K [0x0000000080000000, 0x0000000084300000, 0x00000000d5580000)
  object space 68608K, 85% used [0x0000000080000000,0x0000000083913c78,0x0000000084300000)
 Metaspace       used 69037K, committed 70592K, reserved 1114112K
  class space    used 8548K, committed 9216K, reserved 1048576K
}
Event: 10.424 GC heap before
{Heap before GC invocations=58 (full 3):
 PSYoungGen      total 17408K, used 17371K [0x00000000d5580000, 0x00000000d6e80000, 0x0000000100000000)
  eden space 16384K, 99% used [0x00000000d5580000,0x00000000d6577960,0x00000000d6580000)
  from space 1024K, 99% used [0x00000000d6900000,0x00000000d69ff658,0x00000000d6a00000)
  to   space 3584K, 0% used [0x00000000d6580000,0x00000000d6580000,0x00000000d6900000)
 ParOldGen       total 68608K, used 58447K [0x0000000080000000, 0x0000000084300000, 0x00000000d5580000)
  object space 68608K, 85% used [0x0000000080000000,0x0000000083913c78,0x0000000084300000)
 Metaspace       used 69059K, committed 70592K, reserved 1114112K
  class space    used 8549K, committed 9216K, reserved 1048576K
}
Event: 10.424 GC heap after
{Heap after GC invocations=58 (full 3):
 PSYoungGen      total 16896K, used 473K [0x00000000d5580000, 0x00000000d6980000, 0x0000000100000000)
  eden space 16384K, 0% used [0x00000000d5580000,0x00000000d5580000,0x00000000d6580000)
  from space 512K, 92% used [0x00000000d6580000,0x00000000d65f67f0,0x00000000d6600000)
  to   space 1536K, 0% used [0x00000000d6800000,0x00000000d6800000,0x00000000d6980000)
 ParOldGen       total 68608K, used 59341K [0x0000000080000000, 0x0000000084300000, 0x00000000d5580000)
  object space 68608K, 86% used [0x0000000080000000,0x00000000839f3530,0x0000000084300000)
 Metaspace       used 69059K, committed 70592K, reserved 1114112K
  class space    used 8549K, committed 9216K, reserved 1048576K
}
Event: 10.487 GC heap before
{Heap before GC invocations=59 (full 3):
 PSYoungGen      total 16896K, used 16857K [0x00000000d5580000, 0x00000000d6980000, 0x0000000100000000)
  eden space 16384K, 100% used [0x00000000d5580000,0x00000000d6580000,0x00000000d6580000)
  from space 512K, 92% used [0x00000000d6580000,0x00000000d65f67f0,0x00000000d6600000)
  to   space 1536K, 0% used [0x00000000d6800000,0x00000000d6800000,0x00000000d6980000)
 ParOldGen       total 68608K, used 59341K [0x0000000080000000, 0x0000000084300000, 0x00000000d5580000)
  object space 68608K, 86% used [0x0000000080000000,0x00000000839f3530,0x0000000084300000)
 Metaspace       used 70159K, committed 71680K, reserved 1114112K
  class space    used 8649K, committed 9280K, reserved 1048576K
}
Event: 10.488 GC heap after
{Heap after GC invocations=59 (full 3):
 PSYoungGen      total 16896K, used 288K [0x00000000d5580000, 0x00000000d6880000, 0x0000000100000000)
  eden space 16384K, 0% used [0x00000000d5580000,0x00000000d5580000,0x00000000d6580000)
  from space 512K, 56% used [0x00000000d6800000,0x00000000d6848000,0x00000000d6880000)
  to   space 512K, 0% used [0x00000000d6580000,0x00000000d6580000,0x00000000d6600000)
 ParOldGen       total 68608K, used 59413K [0x0000000080000000, 0x0000000084300000, 0x00000000d5580000)
  object space 68608K, 86% used [0x0000000080000000,0x0000000083a05530,0x0000000084300000)
 Metaspace       used 70159K, committed 71680K, reserved 1114112K
  class space    used 8649K, committed 9280K, reserved 1048576K
}
Event: 10.665 GC heap before
{Heap before GC invocations=60 (full 3):
 PSYoungGen      total 16896K, used 16672K [0x00000000d5580000, 0x00000000d6880000, 0x0000000100000000)
  eden space 16384K, 100% used [0x00000000d5580000,0x00000000d6580000,0x00000000d6580000)
  from space 512K, 56% used [0x00000000d6800000,0x00000000d6848000,0x00000000d6880000)
  to   space 512K, 0% used [0x00000000d6580000,0x00000000d6580000,0x00000000d6600000)
 ParOldGen       total 68608K, used 59413K [0x0000000080000000, 0x0000000084300000, 0x00000000d5580000)
  object space 68608K, 86% used [0x0000000080000000,0x0000000083a05530,0x0000000084300000)
 Metaspace       used 71063K, committed 72576K, reserved 1114112K
  class space    used 8741K, committed 9408K, reserved 1048576K
}
Event: 10.666 GC heap after
{Heap after GC invocations=60 (full 3):
 PSYoungGen      total 16896K, used 480K [0x00000000d5580000, 0x00000000d6880000, 0x0000000100000000)
  eden space 16384K, 0% used [0x00000000d5580000,0x00000000d5580000,0x00000000d6580000)
  from space 512K, 93% used [0x00000000d6580000,0x00000000d65f8020,0x00000000d6600000)
  to   space 1024K, 0% used [0x00000000d6780000,0x00000000d6780000,0x00000000d6880000)
 ParOldGen       total 68608K, used 59573K [0x0000000080000000, 0x0000000084300000, 0x00000000d5580000)
  object space 68608K, 86% used [0x0000000080000000,0x0000000083a2d530,0x0000000084300000)
 Metaspace       used 71063K, committed 72576K, reserved 1114112K
  class space    used 8741K, committed 9408K, reserved 1048576K
}
Event: 10.837 GC heap before
{Heap before GC invocations=61 (full 3):
 PSYoungGen      total 16896K, used 16864K [0x00000000d5580000, 0x00000000d6880000, 0x0000000100000000)
  eden space 16384K, 100% used [0x00000000d5580000,0x00000000d6580000,0x00000000d6580000)
  from space 512K, 93% used [0x00000000d6580000,0x00000000d65f8020,0x00000000d6600000)
  to   space 1024K, 0% used [0x00000000d6780000,0x00000000d6780000,0x00000000d6880000)
 ParOldGen       total 68608K, used 59573K [0x0000000080000000, 0x0000000084300000, 0x00000000d5580000)
  object space 68608K, 86% used [0x0000000080000000,0x0000000083a2d530,0x0000000084300000)
 Metaspace       used 72318K, committed 73856K, reserved 1114112K
  class space    used 8866K, committed 9536K, reserved 1048576K
}
Event: 10.837 GC heap after
{Heap after GC invocations=61 (full 3):
 PSYoungGen      total 17408K, used 1024K [0x00000000d5580000, 0x00000000d6880000, 0x0000000100000000)
  eden space 16384K, 0% used [0x00000000d5580000,0x00000000d5580000,0x00000000d6580000)
  from space 1024K, 100% used [0x00000000d6780000,0x00000000d6880000,0x00000000d6880000)
  to   space 1536K, 0% used [0x00000000d6580000,0x00000000d6580000,0x00000000d6700000)
 ParOldGen       total 68608K, used 59926K [0x0000000080000000, 0x0000000084300000, 0x00000000d5580000)
  object space 68608K, 87% used [0x0000000080000000,0x0000000083a859a8,0x0000000084300000)
 Metaspace       used 72318K, committed 73856K, reserved 1114112K
  class space    used 8866K, committed 9536K, reserved 1048576K
}
Event: 11.023 GC heap before
{Heap before GC invocations=62 (full 3):
 PSYoungGen      total 17408K, used 17408K [0x00000000d5580000, 0x00000000d6880000, 0x0000000100000000)
  eden space 16384K, 100% used [0x00000000d5580000,0x00000000d6580000,0x00000000d6580000)
  from space 1024K, 100% used [0x00000000d6780000,0x00000000d6880000,0x00000000d6880000)
  to   space 1536K, 0% used [0x00000000d6580000,0x00000000d6580000,0x00000000d6700000)
 ParOldGen       total 68608K, used 59926K [0x0000000080000000, 0x0000000084300000, 0x00000000d5580000)
  object space 68608K, 87% used [0x0000000080000000,0x0000000083a859a8,0x0000000084300000)
 Metaspace       used 73395K, committed 74944K, reserved 1114112K
  class space    used 8995K, committed 9664K, reserved 1048576K
}
Event: 11.026 GC heap after
{Heap after GC invocations=62 (full 3):
 PSYoungGen      total 17920K, used 1535K [0x00000000d5580000, 0x00000000d7280000, 0x0000000100000000)
  eden space 16384K, 0% used [0x00000000d5580000,0x00000000d5580000,0x00000000d6580000)
  from space 1536K, 99% used [0x00000000d6580000,0x00000000d66ffc28,0x00000000d6700000)
  to   space 6656K, 0% used [0x00000000d6c00000,0x00000000d6c00000,0x00000000d7280000)
 ParOldGen       total 68608K, used 63958K [0x0000000080000000, 0x0000000084300000, 0x00000000d5580000)
  object space 68608K, 93% used [0x0000000080000000,0x0000000083e75850,0x0000000084300000)
 Metaspace       used 73395K, committed 74944K, reserved 1114112K
  class space    used 8995K, committed 9664K, reserved 1048576K
}
Event: 12.110 GC heap before
{Heap before GC invocations=63 (full 3):
 PSYoungGen      total 17920K, used 17919K [0x00000000d5580000, 0x00000000d7280000, 0x0000000100000000)
  eden space 16384K, 100% used [0x00000000d5580000,0x00000000d6580000,0x00000000d6580000)
  from space 1536K, 99% used [0x00000000d6580000,0x00000000d66ffc28,0x00000000d6700000)
  to   space 6656K, 0% used [0x00000000d6c00000,0x00000000d6c00000,0x00000000d7280000)
 ParOldGen       total 68608K, used 63958K [0x0000000080000000, 0x0000000084300000, 0x00000000d5580000)
  object space 68608K, 93% used [0x0000000080000000,0x0000000083e75850,0x0000000084300000)
 Metaspace       used 74686K, committed 76288K, reserved 1179648K
  class space    used 9134K, committed 9792K, reserved 1048576K
}
Event: 12.111 GC heap after
{Heap after GC invocations=63 (full 3):
 PSYoungGen      total 19456K, used 3065K [0x00000000d5580000, 0x00000000d6f00000, 0x0000000100000000)
  eden space 16384K, 0% used [0x00000000d5580000,0x00000000d5580000,0x00000000d6580000)
  from space 3072K, 99% used [0x00000000d6c00000,0x00000000d6efe4a0,0x00000000d6f00000)
  to   space 4096K, 0% used [0x00000000d6700000,0x00000000d6700000,0x00000000d6b00000)
 ParOldGen       total 68608K, used 65299K [0x0000000080000000, 0x0000000084300000, 0x00000000d5580000)
  object space 68608K, 95% used [0x0000000080000000,0x0000000083fc4d70,0x0000000084300000)
 Metaspace       used 74686K, committed 76288K, reserved 1179648K
  class space    used 9134K, committed 9792K, reserved 1048576K
}
Event: 12.299 GC heap before
{Heap before GC invocations=64 (full 3):
 PSYoungGen      total 19456K, used 19449K [0x00000000d5580000, 0x00000000d6f00000, 0x0000000100000000)
  eden space 16384K, 100% used [0x00000000d5580000,0x00000000d6580000,0x00000000d6580000)
  from space 3072K, 99% used [0x00000000d6c00000,0x00000000d6efe4a0,0x00000000d6f00000)
  to   space 4096K, 0% used [0x00000000d6700000,0x00000000d6700000,0x00000000d6b00000)
 ParOldGen       total 68608K, used 65299K [0x0000000080000000, 0x0000000084300000, 0x00000000d5580000)
  object space 68608K, 95% used [0x0000000080000000,0x0000000083fc4d70,0x0000000084300000)
 Metaspace       used 75959K, committed 77504K, reserved 1179648K
  class space    used 9228K, committed 9856K, reserved 1048576K
}
Event: 12.301 GC heap after
{Heap after GC invocations=64 (full 3):
 PSYoungGen      total 20480K, used 3758K [0x00000000d5580000, 0x00000000d6d80000, 0x0000000100000000)
  eden space 16384K, 0% used [0x00000000d5580000,0x00000000d5580000,0x00000000d6580000)
  from space 4096K, 91% used [0x00000000d6700000,0x00000000d6aaba48,0x00000000d6b00000)
  to   space 2560K, 0% used [0x00000000d6b00000,0x00000000d6b00000,0x00000000d6d80000)
 ParOldGen       total 68608K, used 65953K [0x0000000080000000, 0x0000000084300000, 0x00000000d5580000)
  object space 68608K, 96% used [0x0000000080000000,0x0000000084068450,0x0000000084300000)
 Metaspace       used 75959K, committed 77504K, reserved 1179648K
  class space    used 9228K, committed 9856K, reserved 1048576K
}

Dll operation events (14 events):
Event: 0.007 Loaded shared library c:\Users\Fazer-PC\.cursor\extensions\redhat.java-1.45.0-win32-x64\jre\21.0.8-win32-x86_64\bin\java.dll
Event: 0.022 Loaded shared library c:\Users\Fazer-PC\.cursor\extensions\redhat.java-1.45.0-win32-x64\jre\21.0.8-win32-x86_64\bin\zip.dll
Event: 0.056 Loaded shared library C:\Users\Fazer-PC\.cursor\extensions\redhat.java-1.45.0-win32-x64\jre\21.0.8-win32-x86_64\bin\instrument.dll
Event: 0.059 Loaded shared library C:\Users\Fazer-PC\.cursor\extensions\redhat.java-1.45.0-win32-x64\jre\21.0.8-win32-x86_64\bin\net.dll
Event: 0.061 Loaded shared library C:\Users\Fazer-PC\.cursor\extensions\redhat.java-1.45.0-win32-x64\jre\21.0.8-win32-x86_64\bin\nio.dll
Event: 0.063 Loaded shared library C:\Users\Fazer-PC\.cursor\extensions\redhat.java-1.45.0-win32-x64\jre\21.0.8-win32-x86_64\bin\zip.dll
Event: 0.074 Loaded shared library C:\Users\Fazer-PC\.cursor\extensions\redhat.java-1.45.0-win32-x64\jre\21.0.8-win32-x86_64\bin\jimage.dll
Event: 0.117 Loaded shared library c:\Users\Fazer-PC\.cursor\extensions\redhat.java-1.45.0-win32-x64\jre\21.0.8-win32-x86_64\bin\verify.dll
Event: 0.674 Loaded shared library C:\Users\Fazer-PC\AppData\Roaming\Cursor\User\globalStorage\redhat.java\1.45.0\config_win\org.eclipse.equinox.launcher\org.eclipse.equinox.launcher.win32.win32.x86_64_1.2.1400.v20250801-0854\eclipse_11916.dll
Event: 1.596 Loaded shared library C:\Users\Fazer-PC\AppData\Local\Temp\jna-1220657012\jna14606818637067796524.dll
Event: 4.118 Loaded shared library C:\Users\Fazer-PC\.gradle\native\c067742578af261105cb4f569cf0c3c89f3d7b1fecec35dd04571415982c5e48\windows-amd64\native-platform.dll
Event: 4.824 Loaded shared library C:\Users\Fazer-PC\.cursor\extensions\redhat.java-1.45.0-win32-x64\jre\21.0.8-win32-x86_64\bin\management.dll
Event: 4.826 Loaded shared library C:\Users\Fazer-PC\.cursor\extensions\redhat.java-1.45.0-win32-x64\jre\21.0.8-win32-x86_64\bin\management_ext.dll
Event: 6.152 Loaded shared library C:\Users\Fazer-PC\.cursor\extensions\redhat.java-1.45.0-win32-x64\jre\21.0.8-win32-x86_64\bin\extnet.dll

Deoptimization events (20 events):
Event: 114.155 Thread 0x00000205699081b0 Uncommon trap: trap_request=0xffffffbe fr.pc=0x0000020513933328 relative=0x0000000000000828
Event: 114.155 Thread 0x00000205699081b0 Uncommon trap: reason=profile_predicate action=maybe_recompile pc=0x0000020513933328 method=java.io.InputStream.read([BII)I @ 40 c2
Event: 114.155 Thread 0x00000205699081b0 DEOPT PACKING pc=0x0000020513933328 sp=0x000000e2975fe9d0
Event: 114.155 Thread 0x00000205699081b0 DEOPT UNPACKING pc=0x0000020512d63aa2 sp=0x000000e2975fe980 mode 2
Event: 168.587 Thread 0x000002056990a280 Uncommon trap: trap_request=0xffffffbe fr.pc=0x00000205139651f0 relative=0x0000000000004670
Event: 168.587 Thread 0x000002056990a280 Uncommon trap: reason=profile_predicate action=maybe_recompile pc=0x00000205139651f0 method=java.io.WinNTFileSystem.normalize(Ljava/lang/String;)Ljava/lang/String; @ 25 c2
Event: 168.587 Thread 0x000002056990a280 DEOPT PACKING pc=0x00000205139651f0 sp=0x000000e2974fea00
Event: 168.587 Thread 0x000002056990a280 DEOPT UNPACKING pc=0x0000020512d63aa2 sp=0x000000e2974fe6f8 mode 2
Event: 168.587 Thread 0x000002056990a280 Uncommon trap: trap_request=0xffffffbe fr.pc=0x00000205139651f0 relative=0x0000000000004670
Event: 168.587 Thread 0x000002056990a280 Uncommon trap: reason=profile_predicate action=maybe_recompile pc=0x00000205139651f0 method=java.io.WinNTFileSystem.normalize(Ljava/lang/String;)Ljava/lang/String; @ 25 c2
Event: 168.587 Thread 0x000002056990a280 DEOPT PACKING pc=0x00000205139651f0 sp=0x000000e2974fe910
Event: 168.587 Thread 0x000002056990a280 DEOPT UNPACKING pc=0x0000020512d63aa2 sp=0x000000e2974fe608 mode 2
Event: 168.590 Thread 0x000002056990a280 Uncommon trap: trap_request=0xffffffbe fr.pc=0x00000205139651f0 relative=0x0000000000004670
Event: 168.590 Thread 0x000002056990a280 Uncommon trap: reason=profile_predicate action=maybe_recompile pc=0x00000205139651f0 method=java.io.WinNTFileSystem.normalize(Ljava/lang/String;)Ljava/lang/String; @ 25 c2
Event: 168.590 Thread 0x000002056990a280 DEOPT PACKING pc=0x00000205139651f0 sp=0x000000e2974fe7a0
Event: 168.591 Thread 0x000002056990a280 DEOPT UNPACKING pc=0x0000020512d63aa2 sp=0x000000e2974fe498 mode 2
Event: 170.442 Thread 0x000002056990a280 Uncommon trap: trap_request=0xffffffbe fr.pc=0x00000205139651f0 relative=0x0000000000004670
Event: 170.442 Thread 0x000002056990a280 Uncommon trap: reason=profile_predicate action=maybe_recompile pc=0x00000205139651f0 method=java.io.WinNTFileSystem.normalize(Ljava/lang/String;)Ljava/lang/String; @ 25 c2
Event: 170.442 Thread 0x000002056990a280 DEOPT PACKING pc=0x00000205139651f0 sp=0x000000e2974fea00
Event: 170.442 Thread 0x000002056990a280 DEOPT UNPACKING pc=0x0000020512d63aa2 sp=0x000000e2974fe6f8 mode 2

Classes loaded (20 events):
Event: 11.012 Loading class java/util/stream/ReduceOps$5
Event: 11.012 Loading class java/util/stream/ReduceOps$5 done
Event: 11.012 Loading class java/util/stream/ReduceOps$CountingSink$OfRef
Event: 11.012 Loading class java/util/stream/ReduceOps$CountingSink
Event: 11.012 Loading class java/util/stream/ReduceOps$CountingSink done
Event: 11.012 Loading class java/util/stream/ReduceOps$CountingSink$OfRef done
Event: 11.026 Loading class java/util/stream/ReduceOps$1
Event: 11.026 Loading class java/util/stream/ReduceOps$1 done
Event: 11.026 Loading class java/util/stream/ReduceOps$1ReducingSink
Event: 11.026 Loading class java/util/stream/ReduceOps$1ReducingSink done
Event: 12.017 Loading class java/util/stream/ReduceOps$4
Event: 12.017 Loading class java/util/stream/ReduceOps$4 done
Event: 12.017 Loading class java/util/stream/ReduceOps$4ReducingSink
Event: 12.017 Loading class java/util/stream/ReduceOps$4ReducingSink done
Event: 30.611 Loading class sun/nio/cs/ISO_8859_1$Encoder
Event: 30.611 Loading class sun/nio/cs/ISO_8859_1$Encoder done
Event: 30.611 Loading class sun/nio/cs/Surrogate$Parser
Event: 30.611 Loading class sun/nio/cs/Surrogate$Parser done
Event: 30.611 Loading class sun/nio/cs/Surrogate
Event: 30.611 Loading class sun/nio/cs/Surrogate done

Classes unloaded (7 events):
Event: 1.866 Thread 0x0000020508584140 Unloading class 0x00000205201a6c00 'java/lang/invoke/LambdaForm$MH+0x00000205201a6c00'
Event: 1.866 Thread 0x0000020508584140 Unloading class 0x00000205201a6800 'java/lang/invoke/LambdaForm$MH+0x00000205201a6800'
Event: 1.866 Thread 0x0000020508584140 Unloading class 0x00000205201a6400 'java/lang/invoke/LambdaForm$MH+0x00000205201a6400'
Event: 1.866 Thread 0x0000020508584140 Unloading class 0x00000205201a6000 'java/lang/invoke/LambdaForm$MH+0x00000205201a6000'
Event: 1.866 Thread 0x0000020508584140 Unloading class 0x00000205201a5c00 'java/lang/invoke/LambdaForm$BMH+0x00000205201a5c00'
Event: 1.866 Thread 0x0000020508584140 Unloading class 0x00000205201a5800 'java/lang/invoke/LambdaForm$DMH+0x00000205201a5800'
Event: 1.866 Thread 0x0000020508584140 Unloading class 0x00000205201a4800 'java/lang/invoke/LambdaForm$DMH+0x00000205201a4800'

Classes redefined (0 events):
No events

Internal exceptions (20 events):
Event: 10.950 Thread 0x0000020567725f30 Exception <a 'sun/nio/fs/WindowsException'{0x00000000d5e66fe0}> (0x00000000d5e66fe0) 
thrown [s\src\hotspot\share\prims\jni.cpp, line 520]
Event: 10.987 Thread 0x0000020567725f30 Exception <a 'sun/nio/fs/WindowsException'{0x00000000d6114e20}> (0x00000000d6114e20) 
thrown [s\src\hotspot\share\prims\jni.cpp, line 520]
Event: 10.987 Thread 0x0000020567725f30 Exception <a 'sun/nio/fs/WindowsException'{0x00000000d6115460}> (0x00000000d6115460) 
thrown [s\src\hotspot\share\prims\jni.cpp, line 520]
Event: 10.988 Thread 0x0000020567725f30 Exception <a 'sun/nio/fs/WindowsException'{0x00000000d6116270}> (0x00000000d6116270) 
thrown [s\src\hotspot\share\prims\jni.cpp, line 520]
Event: 10.988 Thread 0x0000020567725f30 Exception <a 'sun/nio/fs/WindowsException'{0x00000000d61168b0}> (0x00000000d61168b0) 
thrown [s\src\hotspot\share\prims\jni.cpp, line 520]
Event: 10.988 Thread 0x0000020567725f30 Exception <a 'sun/nio/fs/WindowsException'{0x00000000d6117d60}> (0x00000000d6117d60) 
thrown [s\src\hotspot\share\prims\jni.cpp, line 520]
Event: 10.988 Thread 0x0000020567725f30 Exception <a 'sun/nio/fs/WindowsException'{0x00000000d61183a0}> (0x00000000d61183a0) 
thrown [s\src\hotspot\share\prims\jni.cpp, line 520]
Event: 10.991 Thread 0x0000020567725f30 Exception <a 'sun/nio/fs/WindowsException'{0x00000000d617e770}> (0x00000000d617e770) 
thrown [s\src\hotspot\share\prims\jni.cpp, line 520]
Event: 10.991 Thread 0x0000020567725f30 Exception <a 'sun/nio/fs/WindowsException'{0x00000000d617edb0}> (0x00000000d617edb0) 
thrown [s\src\hotspot\share\prims\jni.cpp, line 520]
Event: 10.992 Thread 0x0000020567725f30 Exception <a 'sun/nio/fs/WindowsException'{0x00000000d617f938}> (0x00000000d617f938) 
thrown [s\src\hotspot\share\prims\jni.cpp, line 520]
Event: 10.992 Thread 0x0000020567725f30 Exception <a 'sun/nio/fs/WindowsException'{0x00000000d617ff78}> (0x00000000d617ff78) 
thrown [s\src\hotspot\share\prims\jni.cpp, line 520]
Event: 10.992 Thread 0x0000020567725f30 Exception <a 'sun/nio/fs/WindowsException'{0x00000000d6181428}> (0x00000000d6181428) 
thrown [s\src\hotspot\share\prims\jni.cpp, line 520]
Event: 10.992 Thread 0x0000020567725f30 Exception <a 'sun/nio/fs/WindowsException'{0x00000000d6181cc0}> (0x00000000d6181cc0) 
thrown [s\src\hotspot\share\prims\jni.cpp, line 520]
Event: 11.013 Thread 0x0000020567725f30 Exception <a 'sun/nio/fs/WindowsException'{0x00000000d6258120}> (0x00000000d6258120) 
thrown [s\src\hotspot\share\prims\jni.cpp, line 520]
Event: 11.013 Thread 0x0000020567725f30 Exception <a 'sun/nio/fs/WindowsException'{0x00000000d6258760}> (0x00000000d6258760) 
thrown [s\src\hotspot\share\prims\jni.cpp, line 520]
Event: 11.036 Thread 0x0000020567725f30 Exception <a 'java/lang/NoSuchMethodError'{0x00000000d56a0e70}: 'java.lang.Object java.lang.invoke.DirectMethodHandle$Holder.invokeStatic(java.lang.Object, java.lang.Object, int, java.lang.Object)'> (0x00000000d56a0e70) 
thrown [s\src\hotspot\share\interpreter\linkResolver.cpp, line 773]
Event: 11.290 Thread 0x0000020567723140 Exception <a 'java/lang/NoSuchMethodError'{0x00000000d57853c0}: 'java.lang.Object java.lang.invoke.DirectMethodHandle$Holder.invokeSpecial(java.lang.Object, java.lang.Object, int, long)'> (0x00000000d57853c0) 
thrown [s\src\hotspot\share\interpreter\linkResolver.cpp, line 773]
Event: 12.019 Thread 0x0000020567725f30 Exception <a 'java/lang/NoSuchMethodError'{0x00000000d5d29628}: 'int java.lang.invoke.DirectMethodHandle$Holder.invokeSpecialIFC(java.lang.Object, java.lang.Object, java.lang.Object)'> (0x00000000d5d29628) 
thrown [s\src\hotspot\share\interpreter\linkResolver.cpp, line 773]
Event: 12.162 Thread 0x0000020567725f30 Exception <a 'java/lang/NoSuchMethodError'{0x00000000d595a4b0}: 'void java.lang.invoke.DirectMethodHandle$Holder.invokeVirtual(java.lang.Object, java.lang.Object, java.lang.Object, java.lang.Object, java.lang.Object)'> (0x00000000d595a4b0) 
thrown [s\src\hotspot\share\interpreter\linkResolver.cpp, line 773]
Event: 12.170 Thread 0x0000020567725f30 Exception <a 'java/lang/NoSuchMethodError'{0x00000000d5a25568}: 'java.lang.Object java.lang.invoke.DirectMethodHandle$Holder.invokeStatic(java.lang.Object, java.lang.Object, int, java.lang.Object, java.lang.Object)'> (0x00000000d5a25568) 
thrown [s\src\hotspot\share\interpreter\linkResolver.cpp, line 773]

ZGC Phase Switch (0 events):
No events

VM Operations (20 events):
Event: 31.308 Executing VM operation: Cleanup
Event: 31.308 Executing VM operation: Cleanup done
Event: 60.260 Executing VM operation: HandshakeAllThreads (HandshakeForDeflation)
Event: 60.260 Executing VM operation: HandshakeAllThreads (HandshakeForDeflation) done
Event: 60.260 Executing VM operation: RendezvousGCThreads
Event: 60.260 Executing VM operation: RendezvousGCThreads done
Event: 114.293 Executing VM operation: Cleanup
Event: 114.293 Executing VM operation: Cleanup done
Event: 120.422 Executing VM operation: HandshakeAllThreads (HandshakeForDeflation)
Event: 120.422 Executing VM operation: HandshakeAllThreads (HandshakeForDeflation) done
Event: 120.422 Executing VM operation: RendezvousGCThreads
Event: 120.422 Executing VM operation: RendezvousGCThreads done
Event: 168.461 Executing VM operation: Cleanup
Event: 168.461 Executing VM operation: Cleanup done
Event: 169.461 Executing VM operation: Cleanup
Event: 169.461 Executing VM operation: Cleanup done
Event: 171.462 Executing VM operation: Cleanup
Event: 171.462 Executing VM operation: Cleanup done
Event: 172.463 Executing VM operation: Cleanup
Event: 172.463 Executing VM operation: Cleanup done

Memory protections (0 events):
No events

Nmethod flushes (20 events):
Event: 4.862 Thread 0x0000020508584140 flushing  nmethod 0x000002050c192110
Event: 4.862 Thread 0x0000020508584140 flushing  nmethod 0x000002050c1ae610
Event: 4.862 Thread 0x0000020508584140 flushing  nmethod 0x000002050c1b3e90
Event: 4.862 Thread 0x0000020508584140 flushing  nmethod 0x000002050c1b9790
Event: 4.862 Thread 0x0000020508584140 flushing  nmethod 0x000002050c1b9e90
Event: 4.862 Thread 0x0000020508584140 flushing  nmethod 0x000002050c1ba490
Event: 4.862 Thread 0x0000020508584140 flushing  nmethod 0x000002050c1bad10
Event: 4.862 Thread 0x0000020508584140 flushing  nmethod 0x000002050c1bc810
Event: 4.862 Thread 0x0000020508584140 flushing  nmethod 0x000002050c1d8090
Event: 4.862 Thread 0x0000020508584140 flushing  nmethod 0x000002050c22af90
Event: 4.862 Thread 0x0000020508584140 flushing  nmethod 0x000002050c22bc90
Event: 4.862 Thread 0x0000020508584140 flushing  nmethod 0x000002050c253f90
Event: 4.862 Thread 0x0000020508584140 flushing  nmethod 0x000002050c259510
Event: 4.862 Thread 0x0000020508584140 flushing  nmethod 0x000002050c282f90
Event: 4.862 Thread 0x0000020508584140 flushing  nmethod 0x000002050c284890
Event: 4.862 Thread 0x0000020508584140 flushing  nmethod 0x000002050c286d90
Event: 4.862 Thread 0x0000020508584140 flushing  nmethod 0x000002050c28e190
Event: 4.862 Thread 0x0000020508584140 flushing  nmethod 0x000002050c28f390
Event: 4.862 Thread 0x0000020508584140 flushing  nmethod 0x000002050c294a10
Event: 4.862 Thread 0x0000020508584140 flushing  nmethod 0x000002050c29d290

Events (20 events):
Event: 11.288 Thread 0x000002056a0cfe00 Thread exited: 0x000002056a0cfe00
Event: 11.288 Thread 0x000002056a0d1270 Thread exited: 0x000002056a0d1270
Event: 11.992 Thread 0x00000205086adbb0 Thread added: 0x000002056a0cfe00
Event: 11.998 Thread 0x000002056137a490 Thread added: 0x000002056a0d04d0
Event: 16.594 Thread 0x000002056a0d04d0 Thread exited: 0x000002056a0d04d0
Event: 16.594 Thread 0x000002056a0cfe00 Thread exited: 0x000002056a0cfe00
Event: 22.167 Thread 0x00000205086adbb0 Thread added: 0x00000205756599b0
Event: 22.529 Thread 0x00000205756599b0 Thread exited: 0x00000205756599b0
Event: 30.584 Thread 0x00000205086adbb0 Thread added: 0x000002057565ae20
Event: 30.586 Thread 0x00000205086adbb0 Thread added: 0x00000205756599b0
Event: 35.634 Thread 0x00000205756599b0 Thread exited: 0x00000205756599b0
Event: 40.623 Thread 0x000002057565ae20 Thread exited: 0x000002057565ae20
Event: 67.940 Thread 0x0000020562846630 Thread exited: 0x0000020562846630
Event: 67.940 Thread 0x0000020562848070 Thread exited: 0x0000020562848070
Event: 67.944 Thread 0x0000020562845fa0 Thread exited: 0x0000020562845fa0
Event: 71.032 Thread 0x000002056990a910 Thread exited: 0x000002056990a910
Event: 82.275 Thread 0x0000020567725f30 Thread exited: 0x0000020567725f30
Event: 82.275 Thread 0x00000205677258a0 Thread exited: 0x00000205677258a0
Event: 113.438 Thread 0x0000020567722420 Thread exited: 0x0000020567722420
Event: 131.032 Thread 0x000002056990b630 Thread exited: 0x000002056990b630


Dynamic libraries:
0x00007ff6a1c70000 - 0x00007ff6a1c7e000 	c:\Users\Fazer-PC\.cursor\extensions\redhat.java-1.45.0-win32-x64\jre\21.0.8-win32-x86_64\bin\java.exe
0x00007ffca3220000 - 0x00007ffca3487000 	C:\WINDOWS\SYSTEM32\ntdll.dll
0x00007ffca1b80000 - 0x00007ffca1c49000 	C:\WINDOWS\System32\KERNEL32.DLL
0x00007ffca0800000 - 0x00007ffca0bf0000 	C:\WINDOWS\System32\KERNELBASE.dll
0x00007ffca04d0000 - 0x00007ffca061b000 	C:\WINDOWS\System32\ucrtbase.dll
0x00007ffc92200000 - 0x00007ffc9221e000 	c:\Users\Fazer-PC\.cursor\extensions\redhat.java-1.45.0-win32-x64\jre\21.0.8-win32-x86_64\bin\VCRUNTIME140.dll
0x00007ffc95a80000 - 0x00007ffc95a98000 	c:\Users\Fazer-PC\.cursor\extensions\redhat.java-1.45.0-win32-x64\jre\21.0.8-win32-x86_64\bin\jli.dll
0x00007ffca1dc0000 - 0x00007ffca1f85000 	C:\WINDOWS\System32\USER32.dll
0x00007ffca0f80000 - 0x00007ffca0fa7000 	C:\WINDOWS\System32\win32u.dll
0x00007ffca1f90000 - 0x00007ffca1fbb000 	C:\WINDOWS\System32\GDI32.dll
0x00007ffc8a580000 - 0x00007ffc8a81a000 	C:\WINDOWS\WinSxS\amd64_microsoft.windows.common-controls_6595b64144ccf1df_6.0.26100.4768_none_3e0c112ce331287c\COMCTL32.dll
0x00007ffca06c0000 - 0x00007ffca07f8000 	C:\WINDOWS\System32\gdi32full.dll
0x00007ffca28e0000 - 0x00007ffca2989000 	C:\WINDOWS\System32\msvcrt.dll
0x00007ffca0e10000 - 0x00007ffca0eb3000 	C:\WINDOWS\System32\msvcp_win.dll
0x00007ffca1d80000 - 0x00007ffca1daf000 	C:\WINDOWS\System32\IMM32.DLL
0x00007ffc968f0000 - 0x00007ffc968fc000 	c:\Users\Fazer-PC\.cursor\extensions\redhat.java-1.45.0-win32-x64\jre\21.0.8-win32-x86_64\bin\vcruntime140_1.dll
0x00007ffc51ff0000 - 0x00007ffc5207d000 	c:\Users\Fazer-PC\.cursor\extensions\redhat.java-1.45.0-win32-x64\jre\21.0.8-win32-x86_64\bin\msvcp140.dll
0x00007ffbe88d0000 - 0x00007ffbe9667000 	c:\Users\Fazer-PC\.cursor\extensions\redhat.java-1.45.0-win32-x64\jre\21.0.8-win32-x86_64\bin\server\jvm.dll
0x00007ffca2690000 - 0x00007ffca2744000 	C:\WINDOWS\System32\ADVAPI32.dll
0x00007ffca30e0000 - 0x00007ffca3186000 	C:\WINDOWS\System32\sechost.dll
0x00007ffca1c50000 - 0x00007ffca1d68000 	C:\WINDOWS\System32\RPCRT4.dll
0x00007ffca10d0000 - 0x00007ffca1144000 	C:\WINDOWS\System32\WS2_32.dll
0x00007ffca01b0000 - 0x00007ffca020e000 	C:\WINDOWS\SYSTEM32\POWRPROF.dll
0x00007ffc940d0000 - 0x00007ffc940db000 	C:\WINDOWS\SYSTEM32\VERSION.dll
0x00007ffc950e0000 - 0x00007ffc95115000 	C:\WINDOWS\SYSTEM32\WINMM.dll
0x00007ffca0190000 - 0x00007ffca01a4000 	C:\WINDOWS\SYSTEM32\UMPDC.dll
0x00007ffc9f0a0000 - 0x00007ffc9f0bb000 	C:\WINDOWS\SYSTEM32\kernel.appcore.dll
0x00007ffc96250000 - 0x00007ffc9625a000 	c:\Users\Fazer-PC\.cursor\extensions\redhat.java-1.45.0-win32-x64\jre\21.0.8-win32-x86_64\bin\jimage.dll
0x00007ffc942c0000 - 0x00007ffc94501000 	C:\WINDOWS\SYSTEM32\DBGHELP.DLL
0x00007ffca1fc0000 - 0x00007ffca2345000 	C:\WINDOWS\System32\combase.dll
0x00007ffca2750000 - 0x00007ffca2830000 	C:\WINDOWS\System32\OLEAUT32.dll
0x00007ffc8e700000 - 0x00007ffc8e743000 	C:\WINDOWS\SYSTEM32\dbgcore.DLL
0x00007ffca0620000 - 0x00007ffca06b9000 	C:\WINDOWS\System32\bcryptPrimitives.dll
0x00007ffc95fc0000 - 0x00007ffc95fcf000 	c:\Users\Fazer-PC\.cursor\extensions\redhat.java-1.45.0-win32-x64\jre\21.0.8-win32-x86_64\bin\instrument.dll
0x00007ffc88dd0000 - 0x00007ffc88def000 	c:\Users\Fazer-PC\.cursor\extensions\redhat.java-1.45.0-win32-x64\jre\21.0.8-win32-x86_64\bin\java.dll
0x00007ffca2990000 - 0x00007ffca30dd000 	C:\WINDOWS\System32\SHELL32.dll
0x00007ffca0c90000 - 0x00007ffca0e03000 	C:\WINDOWS\System32\wintypes.dll
0x00007ffc9df40000 - 0x00007ffc9e7a0000 	C:\WINDOWS\SYSTEM32\windows.storage.dll
0x00007ffca2530000 - 0x00007ffca2625000 	C:\WINDOWS\System32\SHCORE.dll
0x00007ffca1060000 - 0x00007ffca10ca000 	C:\WINDOWS\System32\shlwapi.dll
0x00007ffca0270000 - 0x00007ffca0299000 	C:\WINDOWS\SYSTEM32\profapi.dll
0x00007ffc88870000 - 0x00007ffc88888000 	c:\Users\Fazer-PC\.cursor\extensions\redhat.java-1.45.0-win32-x64\jre\21.0.8-win32-x86_64\bin\zip.dll
0x00007ffc93420000 - 0x00007ffc93430000 	C:\Users\Fazer-PC\.cursor\extensions\redhat.java-1.45.0-win32-x64\jre\21.0.8-win32-x86_64\bin\net.dll
0x00007ffc958c0000 - 0x00007ffc959de000 	C:\WINDOWS\SYSTEM32\WINHTTP.dll
0x00007ffc9f630000 - 0x00007ffc9f69b000 	C:\WINDOWS\system32\mswsock.dll
0x00007ffc88850000 - 0x00007ffc88866000 	C:\Users\Fazer-PC\.cursor\extensions\redhat.java-1.45.0-win32-x64\jre\21.0.8-win32-x86_64\bin\nio.dll
0x00007ffc923e0000 - 0x00007ffc923f0000 	c:\Users\Fazer-PC\.cursor\extensions\redhat.java-1.45.0-win32-x64\jre\21.0.8-win32-x86_64\bin\verify.dll
0x00007ffc8a530000 - 0x00007ffc8a574000 	C:\Users\Fazer-PC\AppData\Roaming\Cursor\User\globalStorage\redhat.java\1.45.0\config_win\org.eclipse.equinox.launcher\org.eclipse.equinox.launcher.win32.win32.x86_64_1.2.1400.v20250801-0854\eclipse_11916.dll
0x00007ffca2360000 - 0x00007ffca2500000 	C:\WINDOWS\System32\ole32.dll
0x00007ffc9f900000 - 0x00007ffc9f91b000 	C:\WINDOWS\SYSTEM32\CRYPTSP.dll
0x00007ffc9f000000 - 0x00007ffc9f03b000 	C:\WINDOWS\system32\rsaenh.dll
0x00007ffc9f6d0000 - 0x00007ffc9f6fb000 	C:\WINDOWS\SYSTEM32\USERENV.dll
0x00007ffca0240000 - 0x00007ffca0266000 	C:\WINDOWS\SYSTEM32\bcrypt.dll
0x00007ffc9f8f0000 - 0x00007ffc9f8fc000 	C:\WINDOWS\SYSTEM32\CRYPTBASE.dll
0x00007ffc9eab0000 - 0x00007ffc9eae3000 	C:\WINDOWS\SYSTEM32\IPHLPAPI.DLL
0x00007ffca2350000 - 0x00007ffca235a000 	C:\WINDOWS\System32\NSI.dll
0x00007ffc810a0000 - 0x00007ffc810e9000 	C:\Users\Fazer-PC\AppData\Local\Temp\jna-1220657012\jna14606818637067796524.dll
0x00007ffca2520000 - 0x00007ffca2528000 	C:\WINDOWS\System32\PSAPI.DLL
0x00007ffc98a40000 - 0x00007ffc98a5f000 	C:\WINDOWS\SYSTEM32\dhcpcsvc6.DLL
0x00007ffc95320000 - 0x00007ffc95345000 	C:\WINDOWS\SYSTEM32\dhcpcsvc.DLL
0x00007ffc982a0000 - 0x00007ffc982c7000 	C:\Users\Fazer-PC\.gradle\native\c067742578af261105cb4f569cf0c3c89f3d7b1fecec35dd04571415982c5e48\windows-amd64\native-platform.dll
0x00007ffc90770000 - 0x00007ffc9077a000 	C:\Users\Fazer-PC\.cursor\extensions\redhat.java-1.45.0-win32-x64\jre\21.0.8-win32-x86_64\bin\management.dll
0x00007ffc8ec60000 - 0x00007ffc8ec6b000 	C:\Users\Fazer-PC\.cursor\extensions\redhat.java-1.45.0-win32-x64\jre\21.0.8-win32-x86_64\bin\management_ext.dll
0x00007ffc8e790000 - 0x00007ffc8e799000 	C:\Users\Fazer-PC\.cursor\extensions\redhat.java-1.45.0-win32-x64\jre\21.0.8-win32-x86_64\bin\extnet.dll

JVMTI agents:
c:\Users\Fazer-PC\.cursor\extensions\redhat.java-1.45.0-win32-x64\lombok\lombok-1.18.39-4050.jar path:c:\Users\Fazer-PC\.cursor\extensions\redhat.java-1.45.0-win32-x64\jre\21.0.8-win32-x86_64\bin\instrument.dll, loaded, initialized, instrumentlib options:none

dbghelp: loaded successfully - version: 4.0.5 - missing functions: none
symbol engine: initialized successfully - sym options: 0x614 - pdb path: .;c:\Users\Fazer-PC\.cursor\extensions\redhat.java-1.45.0-win32-x64\jre\21.0.8-win32-x86_64\bin;C:\WINDOWS\SYSTEM32;C:\WINDOWS\WinSxS\amd64_microsoft.windows.common-controls_6595b64144ccf1df_6.0.26100.4768_none_3e0c112ce331287c;c:\Users\Fazer-PC\.cursor\extensions\redhat.java-1.45.0-win32-x64\jre\21.0.8-win32-x86_64\bin\server;C:\Users\Fazer-PC\AppData\Roaming\Cursor\User\globalStorage\redhat.java\1.45.0\config_win\org.eclipse.equinox.launcher\org.eclipse.equinox.launcher.win32.win32.x86_64_1.2.1400.v20250801-0854;C:\Users\Fazer-PC\AppData\Local\Temp\jna-1220657012;C:\Users\Fazer-PC\.gradle\native\c067742578af261105cb4f569cf0c3c89f3d7b1fecec35dd04571415982c5e48\windows-amd64

VM Arguments:
jvm_args: --add-modules=ALL-SYSTEM --add-opens=java.base/java.util=ALL-UNNAMED --add-opens=java.base/java.lang=ALL-UNNAMED --add-opens=java.base/sun.nio.fs=ALL-UNNAMED -Declipse.application=org.eclipse.jdt.ls.core.id1 -Dosgi.bundles.defaultStartLevel=4 -Declipse.product=org.eclipse.jdt.ls.core.product -Djava.import.generatesMetadataFilesAtProjectRoot=false -DDetectVMInstallationsJob.disabled=true -Dfile.encoding=utf8 -XX:+UseParallelGC -XX:GCTimeRatio=4 -XX:AdaptiveSizePolicyWeight=90 -Dsun.zip.disableMemoryMapping=true -Xmx2G -Xms100m -Xlog:disable -javaagent:c:\Users\Fazer-PC\.cursor\extensions\redhat.java-1.45.0-win32-x64\lombok\lombok-1.18.39-4050.jar -XX:+HeapDumpOnOutOfMemoryError -XX:HeapDumpPath=c:\Users\Fazer-PC\AppData\Roaming\Cursor\User\workspaceStorage\53e90172835553633decfbd725166b6d\redhat.java -Daether.dependencyCollector.impl=bf 
java_command: c:\Users\Fazer-PC\.cursor\extensions\redhat.java-1.45.0-win32-x64\server\plugins\org.eclipse.equinox.launcher_1.7.0.v20250519-0528.jar -configuration c:\Users\Fazer-PC\AppData\Roaming\Cursor\User\globalStorage\redhat.java\1.45.0\config_win -data c:\Users\Fazer-PC\AppData\Roaming\Cursor\User\workspaceStorage\53e90172835553633decfbd725166b6d\redhat.java\jdt_ws --pipe=\\.\pipe\lsp-0e24f99657ec6cd8d5516b3e412eb7b1-sock
java_class_path (initial): c:\Users\Fazer-PC\.cursor\extensions\redhat.java-1.45.0-win32-x64\server\plugins\org.eclipse.equinox.launcher_1.7.0.v20250519-0528.jar
Launcher Type: SUN_STANDARD

[Global flags]
    uintx AdaptiveSizePolicyWeight                 = 90                                        {product} {command line}
     intx CICompilerCount                          = 4                                         {product} {ergonomic}
    uintx GCTimeRatio                              = 4                                         {product} {command line}
     bool HeapDumpOnOutOfMemoryError               = true                                   {manageable} {command line}
    ccstr HeapDumpPath                             = c:\Users\Fazer-PC\AppData\Roaming\Cursor\User\workspaceStorage\53e90172835553633decfbd725166b6d\redhat.java         {manageable} {command line}
   size_t InitialHeapSize                          = 104857600                                 {product} {command line}
   size_t MaxHeapSize                              = 2147483648                                {product} {command line}
   size_t MaxNewSize                               = 715653120                                 {product} {ergonomic}
   size_t MinHeapDeltaBytes                        = 524288                                    {product} {ergonomic}
   size_t MinHeapSize                              = 104857600                                 {product} {command line}
   size_t NewSize                                  = 34603008                                  {product} {ergonomic}
    uintx NonNMethodCodeHeapSize                   = 5839372                                {pd product} {ergonomic}
    uintx NonProfiledCodeHeapSize                  = 122909434                              {pd product} {ergonomic}
   size_t OldSize                                  = 70254592                                  {product} {ergonomic}
    uintx ProfiledCodeHeapSize                     = 122909434                              {pd product} {ergonomic}
    uintx ReservedCodeCacheSize                    = 251658240                              {pd product} {ergonomic}
     bool SegmentedCodeCache                       = true                                      {product} {ergonomic}
   size_t SoftMaxHeapSize                          = 2147483648                             {manageable} {ergonomic}
     bool UseCompressedOops                        = true                           {product lp64_product} {ergonomic}
     bool UseLargePagesIndividualAllocation        = false                                  {pd product} {ergonomic}
     bool UseParallelGC                            = true                                      {product} {command line}

Logging:
Log output configuration:
 #0: stdout all=off uptime,level,tags foldmultilines=false
 #1: stderr all=off uptime,level,tags foldmultilines=false

Environment Variables:
PATH=C:\Program Files\Common Files\Oracle\Java\javapath;C:\WINDOWS\system32;C:\WINDOWS;C:\WINDOWS\System32\Wbem;C:\WINDOWS\System32\WindowsPowerShell\v1.0\;C:\WINDOWS\System32\OpenSSH\;D:\Programs\PuTTY\;D:\Programs\NodeJS\;C:\Program Files\dotnet\;C:\ProgramData\ComposerSetup\bin;C:\Program Files\Git\cmd;C:\Users\Fazer-PC\AppData\Local\Programs\Python\Python313\Scripts\;C:\Users\Fazer-PC\AppData\Local\Programs\Python\Python313\;C:\Users\Fazer-PC\AppData\Local\Programs\Python\Launcher\;D:\Programs\OSPanel\bin;C:\Users\Fazer-PC\AppData\Local\Microsoft\WindowsApps;D:\Programs\JetBrains\PhpStorm 2023.1.3\bin;D:\Programs\JetBrains\WebStorm 2023.1.3\bin;D:\Programs\JetBrains\PyCharm 2023.1.3\bin;C:\Users\Fazer-PC\AppData\Roaming\npm;C:\Users\Fazer-PC\AppData\Roaming\Composer\vendor\bin;D:\Programs\Microsoft VS Code\bin;C:\Users\Fazer-PC\AppData\Local\Programs\cursor\resources\app\bin;D:\Programs\JetBrains\IntelliJ IDEA 2025.1.1.1\bin;C:\Users\Fazer-PC\AppData\Local\Android\Sdk\platform-tools;D:\Programs\OSPanel\modules\PHP-8.3\PHP;C:\Users\Fazer-PC\AppData\Local\GitHubDesktop\bin;D:\Programs\JetBrains\DataGrip 2023.1.2\bin;;C:\Users\Fazer-PC\AppData\Local\Microsoft\WindowsApps;
USERNAME=Fazer-PC
OS=Windows_NT
PROCESSOR_IDENTIFIER=AMD64 Family 23 Model 113 Stepping 0, AuthenticAMD
TMP=C:\Users\Fazer-PC\AppData\Local\Temp
TEMP=C:\Users\Fazer-PC\AppData\Local\Temp




Periodic native trim disabled

---------------  S Y S T E M  ---------------

OS:
 Windows 11 , 64 bit Build 26100 (10.0.26100.4768)
OS uptime: 14 days 8:49 hours

CPU: total 12 (initial active 12) (12 cores per cpu, 2 threads per core) family 23 model 113 stepping 0 microcode 0x8701030, cx8, cmov, fxsr, ht, mmx, 3dnowpref, sse, sse2, sse3, ssse3, sse4a, sse4.1, sse4.2, popcnt, lzcnt, tsc, tscinvbit, avx, avx2, aes, clmul, bmi1, bmi2, adx, sha, fma, vzeroupper, clflush, clflushopt, rdtscp, rdpid, f16c
Processor Information for the first 12 processors :
  Max Mhz: 4200, Current Mhz: 4200, Mhz Limit: 4200

Memory: 4k page, system-wide physical 32671M (9035M free)
TotalPageFile size 48671M (AvailPageFile size 3M)
current process WorkingSet (physical memory assigned to process): 319M, peak: 359M
current process commit charge ("private bytes"): 398M, peak: 441M

vm_info: OpenJDK 64-Bit Server VM (21.0.8+9-LTS) for windows-amd64 JRE (21.0.8+9-LTS), built on 2025-07-15T00:00:00Z by "admin" with MS VC++ 17.7 (VS2022)

END.
