#
# There is insufficient memory for the Java Runtime Environment to continue.
# Native memory allocation (malloc) failed to allocate 1048576 bytes. Error detail: AllocateHeap
# Possible reasons:
#   The system is out of physical RAM or swap space
#   This process is running with CompressedOops enabled, and the Java Heap may be blocking the growth of the native heap
# Possible solutions:
#   Reduce memory load on the system
#   Increase physical memory or swap space
#   Check if swap backing store is full
#   Decrease Java heap size (-Xmx/-Xms)
#   Decrease number of Java threads
#   Decrease Java thread stack sizes (-Xss)
#   Set larger code cache with -XX:ReservedCodeCacheSize=
#   JVM is running with Unscaled Compressed Oops mode in which the Java heap is
#     placed in the first 4GB address space. The Java Heap base address is the
#     maximum limit for the native heap growth. Please use -XX:HeapBaseMinAddress
#     to set the Java Heap base and to place the Java Heap above 4GB virtual address.
# This output file may be truncated or incomplete.
#
#  Out of Memory Error (allocation.cpp:44), pid=18140, tid=23832
#
# JRE version: OpenJDK Runtime Environment Temurin-21.0.8+9 (21.0.8+9) (build 21.0.8+9-LTS)
# Java VM: OpenJDK 64-Bit Server VM Temurin-21.0.8+9 (21.0.8+9-LTS, mixed mode, sharing, tiered, compressed oops, compressed class ptrs, parallel gc, windows-amd64)
# No core dump will be written. Minidumps are not enabled by default on client versions of Windows
#

---------------  S U M M A R Y ------------

Command Line: --add-modules=ALL-SYSTEM --add-opens=java.base/java.util=ALL-UNNAMED --add-opens=java.base/java.lang=ALL-UNNAMED --add-opens=java.base/sun.nio.fs=ALL-UNNAMED -Declipse.application=org.eclipse.jdt.ls.core.id1 -Dosgi.bundles.defaultStartLevel=4 -Declipse.product=org.eclipse.jdt.ls.core.product -Djava.import.generatesMetadataFilesAtProjectRoot=false -DDetectVMInstallationsJob.disabled=true -Dfile.encoding=utf8 -XX:+UseParallelGC -XX:GCTimeRatio=4 -XX:AdaptiveSizePolicyWeight=90 -Dsun.zip.disableMemoryMapping=true -Xmx2G -Xms100m -Xlog:disable -javaagent:c:\Users\Fazer-PC\.cursor\extensions\redhat.java-1.45.0-win32-x64\lombok\lombok-1.18.39-4050.jar -XX:+HeapDumpOnOutOfMemoryError -XX:HeapDumpPath=c:\Users\Fazer-PC\AppData\Roaming\Cursor\User\workspaceStorage\53e90172835553633decfbd725166b6d\redhat.java -Daether.dependencyCollector.impl=bf c:\Users\Fazer-PC\.cursor\extensions\redhat.java-1.45.0-win32-x64\server\plugins\org.eclipse.equinox.launcher_1.7.0.v20250519-0528.jar -configuration c:\Users\Fazer-PC\AppData\Roaming\Cursor\User\globalStorage\redhat.java\1.45.0\config_win -data c:\Users\Fazer-PC\AppData\Roaming\Cursor\User\workspaceStorage\53e90172835553633decfbd725166b6d\redhat.java\jdt_ws --pipe=\\.\pipe\lsp-5f4a595e04f9ae0be932c3b7a5c25b5a-sock

Host: AMD Ryzen 5 3600 6-Core Processor              , 12 cores, 31G,  Windows 11 , 64 bit Build 26100 (10.0.26100.4768)
Time: Mon Sep 15 21:39:34 2025 elapsed time: 2623.205216 seconds (0d 0h 43m 43s)

---------------  T H R E A D  ---------------

Current thread (0x000001f362c5b0e0):  JavaThread "Attach Listener" daemon [_thread_in_vm, id=23832, stack(0x000000b820e00000,0x000000b820f00000) (1024K)]

Stack: [0x000000b820e00000,0x000000b820f00000]
Native frames: (J=compiled Java code, j=interpreted, Vv=VM code, C=native code)
V  [jvm.dll+0x6d2449]
V  [jvm.dll+0x8ae341]
V  [jvm.dll+0x8b08be]
V  [jvm.dll+0x8b0fa3]
V  [jvm.dll+0x280c96]
V  [jvm.dll+0xc0347]
V  [jvm.dll+0x6d2cf9]
V  [jvm.dll+0x131116]
V  [jvm.dll+0x3f2d16]
V  [jvm.dll+0x857e6b]
V  [jvm.dll+0x6d0b0d]
C  [ucrtbase.dll+0x37b0]
C  [KERNEL32.DLL+0x2e8d7]
C  [ntdll.dll+0x3c34c]


---------------  P R O C E S S  ---------------

Threads class SMR info:
_java_thread_list=0x000001f348592be0, length=46, elements={
0x000001f36289bc00, 0x000001f37b589900, 0x000001f362c56750, 0x000001f362c5a410,
0x000001f362c5b0e0, 0x000001f362c60860, 0x000001f362c64110, 0x000001f362c6caf0,
0x000001f362c6e8d0, 0x000001f37cab7210, 0x000001f37cd1f490, 0x000001f37dde71f0,
0x000001f37df80be0, 0x000001f37df699e0, 0x000001f37df6a040, 0x000001f37e6e3570,
0x000001f37e846d10, 0x000001f37e5e1470, 0x000001f37e5e2190, 0x000001f37e5e0de0,
0x000001f345673b20, 0x000001f345672e00, 0x000001f3456741b0, 0x000001f345675bf0,
0x000001f345674840, 0x000001f345675560, 0x000001f345676280, 0x000001f3465fb780,
0x000001f3465f8300, 0x000001f3465f8990, 0x000001f3465fbe10, 0x000001f3465f9d40,
0x000001f3465fc4a0, 0x000001f3465f9020, 0x000001f3465fcb30, 0x000001f3465faa60,
0x000001f3465f96b0, 0x000001f3465fdee0, 0x000001f3465ff290, 0x000001f3465ff920,
0x000001f348f7caa0, 0x000001f348f7de50, 0x000001f348f7b6f0, 0x000001f348f7e4e0,
0x000001f348f7f200, 0x000001f3463ade30
}

Java Threads: ( => current thread )
  0x000001f36289bc00 JavaThread "main"                              [_thread_blocked, id=18740, stack(0x000000b820700000,0x000000b820800000) (1024K)]
  0x000001f37b589900 JavaThread "Reference Handler"          daemon [_thread_blocked, id=3912, stack(0x000000b820b00000,0x000000b820c00000) (1024K)]
  0x000001f362c56750 JavaThread "Finalizer"                  daemon [_thread_blocked, id=20600, stack(0x000000b820c00000,0x000000b820d00000) (1024K)]
  0x000001f362c5a410 JavaThread "Signal Dispatcher"          daemon [_thread_blocked, id=22684, stack(0x000000b820d00000,0x000000b820e00000) (1024K)]
=>0x000001f362c5b0e0 JavaThread "Attach Listener"            daemon [_thread_in_vm, id=23832, stack(0x000000b820e00000,0x000000b820f00000) (1024K)]
  0x000001f362c60860 JavaThread "Service Thread"             daemon [_thread_blocked, id=10652, stack(0x000000b820f00000,0x000000b821000000) (1024K)]
  0x000001f362c64110 JavaThread "Monitor Deflation Thread"   daemon [_thread_blocked, id=8632, stack(0x000000b821000000,0x000000b821100000) (1024K)]
  0x000001f362c6caf0 JavaThread "C2 CompilerThread0"         daemon [_thread_blocked, id=18728, stack(0x000000b821100000,0x000000b821200000) (1024K)]
  0x000001f362c6e8d0 JavaThread "C1 CompilerThread0"         daemon [_thread_blocked, id=8460, stack(0x000000b821200000,0x000000b821300000) (1024K)]
  0x000001f37cab7210 JavaThread "Common-Cleaner"             daemon [_thread_blocked, id=19348, stack(0x000000b821300000,0x000000b821400000) (1024K)]
  0x000001f37cd1f490 JavaThread "Notification Thread"        daemon [_thread_blocked, id=24160, stack(0x000000b821500000,0x000000b821600000) (1024K)]
  0x000001f37dde71f0 JavaThread "Active Thread: Equinox Container: aee9e394-23ac-4ef1-b3b1-417c390ee7e3"        [_thread_blocked, id=22028, stack(0x000000b821d00000,0x000000b821e00000) (1024K)]
  0x000001f37df80be0 JavaThread "Refresh Thread: Equinox Container: aee9e394-23ac-4ef1-b3b1-417c390ee7e3" daemon [_thread_blocked, id=15452, stack(0x000000b821e00000,0x000000b821f00000) (1024K)]
  0x000001f37df699e0 JavaThread "Framework Event Dispatcher: Equinox Container: aee9e394-23ac-4ef1-b3b1-417c390ee7e3" daemon [_thread_blocked, id=9100, stack(0x000000b822000000,0x000000b822100000) (1024K)]
  0x000001f37df6a040 JavaThread "Start Level: Equinox Container: aee9e394-23ac-4ef1-b3b1-417c390ee7e3" daemon [_thread_blocked, id=23272, stack(0x000000b822100000,0x000000b822200000) (1024K)]
  0x000001f37e6e3570 JavaThread "Bundle File Closer"         daemon [_thread_blocked, id=22336, stack(0x000000b822400000,0x000000b822500000) (1024K)]
  0x000001f37e846d10 JavaThread "SCR Component Actor"        daemon [_thread_blocked, id=22116, stack(0x000000b821600000,0x000000b821700000) (1024K)]
  0x000001f37e5e1470 JavaThread "Worker-JM"                         [_thread_blocked, id=26240, stack(0x000000b822600000,0x000000b822700000) (1024K)]
  0x000001f37e5e2190 JavaThread "JNA Cleaner"                daemon [_thread_blocked, id=24176, stack(0x000000b821400000,0x000000b821500000) (1024K)]
  0x000001f37e5e0de0 JavaThread "Worker-0"                          [_thread_blocked, id=1172, stack(0x000000b822700000,0x000000b822800000) (1024K)]
  0x000001f345673b20 JavaThread "Java indexing"              daemon [_thread_blocked, id=21512, stack(0x000000b822a00000,0x000000b822b00000) (1024K)]
  0x000001f345672e00 JavaThread "Thread-2"                   daemon [_thread_in_native, id=21688, stack(0x000000b823100000,0x000000b823200000) (1024K)]
  0x000001f3456741b0 JavaThread "Thread-3"                   daemon [_thread_in_native, id=20100, stack(0x000000b823200000,0x000000b823300000) (1024K)]
  0x000001f345675bf0 JavaThread "Thread-4"                   daemon [_thread_in_native, id=12860, stack(0x000000b823300000,0x000000b823400000) (1024K)]
  0x000001f345674840 JavaThread "Thread-5"                   daemon [_thread_in_native, id=18960, stack(0x000000b823400000,0x000000b823500000) (1024K)]
  0x000001f345675560 JavaThread "Thread-6"                   daemon [_thread_in_native, id=24484, stack(0x000000b823500000,0x000000b823600000) (1024K)]
  0x000001f345676280 JavaThread "Thread-7"                   daemon [_thread_in_native, id=5140, stack(0x000000b823600000,0x000000b823700000) (1024K)]
  0x000001f3465fb780 JavaThread "Thread-8"                   daemon [_thread_in_native, id=14044, stack(0x000000b823700000,0x000000b823800000) (1024K)]
  0x000001f3465f8300 JavaThread "Thread-9"                   daemon [_thread_in_native, id=14856, stack(0x000000b823800000,0x000000b823900000) (1024K)]
  0x000001f3465f8990 JavaThread "Thread-10"                  daemon [_thread_in_native, id=19884, stack(0x000000b823900000,0x000000b823a00000) (1024K)]
  0x000001f3465fbe10 JavaThread "Thread-11"                  daemon [_thread_in_native, id=9416, stack(0x000000b823a00000,0x000000b823b00000) (1024K)]
  0x000001f3465f9d40 JavaThread "Thread-12"                  daemon [_thread_in_native, id=14368, stack(0x000000b823b00000,0x000000b823c00000) (1024K)]
  0x000001f3465fc4a0 JavaThread "Thread-13"                  daemon [_thread_in_native, id=17436, stack(0x000000b823c00000,0x000000b823d00000) (1024K)]
  0x000001f3465f9020 JavaThread "Thread-14"                  daemon [_thread_in_native, id=17168, stack(0x000000b823d00000,0x000000b823e00000) (1024K)]
  0x000001f3465fcb30 JavaThread "pool-2-thread-1"                   [_thread_blocked, id=2384, stack(0x000000b823e00000,0x000000b823f00000) (1024K)]
  0x000001f3465faa60 JavaThread "WorkspaceEventsHandler"            [_thread_blocked, id=10748, stack(0x000000b824000000,0x000000b824100000) (1024K)]
  0x000001f3465f96b0 JavaThread "pool-1-thread-1"                   [_thread_blocked, id=4512, stack(0x000000b824100000,0x000000b824200000) (1024K)]
  0x000001f3465fdee0 JavaThread "Timer-0"                           [_thread_blocked, id=14372, stack(0x000000b824700000,0x000000b824800000) (1024K)]
  0x000001f3465ff290 JavaThread "Timer-1"                           [_thread_blocked, id=13976, stack(0x000000b824800000,0x000000b824900000) (1024K)]
  0x000001f3465ff920 JavaThread "Timer-2"                           [_thread_blocked, id=14752, stack(0x000000b824900000,0x000000b824a00000) (1024K)]
  0x000001f348f7caa0 JavaThread "Timer-3"                           [_thread_blocked, id=14260, stack(0x000000b824a00000,0x000000b824b00000) (1024K)]
  0x000001f348f7de50 JavaThread "Timer-4"                           [_thread_blocked, id=6348, stack(0x000000b824b00000,0x000000b824c00000) (1024K)]
  0x000001f348f7b6f0 JavaThread "Timer-5"                           [_thread_blocked, id=15772, stack(0x000000b822500000,0x000000b822600000) (1024K)]
  0x000001f348f7e4e0 JavaThread "Timer-6"                           [_thread_blocked, id=16508, stack(0x000000b824c00000,0x000000b824d00000) (1024K)]
  0x000001f348f7f200 JavaThread "Timer-7"                           [_thread_blocked, id=21348, stack(0x000000b824f00000,0x000000b825000000) (1024K)]
  0x000001f3463ade30 JavaThread "Worker-6"                          [_thread_blocked, id=17948, stack(0x000000b820500000,0x000000b820600000) (1024K)]
Total: 46

Other Threads:
  0x000001f37b574670 VMThread "VM Thread"                           [id=2112, stack(0x000000b820a00000,0x000000b820b00000) (1024K)]
  0x000001f37b46ca00 WatcherThread "VM Periodic Task Thread"        [id=20296, stack(0x000000b820900000,0x000000b820a00000) (1024K)]
  0x000001f362bce970 WorkerThread "GC Thread#0"                     [id=22232, stack(0x000000b820800000,0x000000b820900000) (1024K)]
  0x000001f37cd2f4e0 WorkerThread "GC Thread#1"                     [id=22140, stack(0x000000b821700000,0x000000b821800000) (1024K)]
  0x000001f37deb4a20 WorkerThread "GC Thread#2"                     [id=26104, stack(0x000000b821800000,0x000000b821900000) (1024K)]
  0x000001f37cd338e0 WorkerThread "GC Thread#3"                     [id=10876, stack(0x000000b821900000,0x000000b821a00000) (1024K)]
  0x000001f37cd33c80 WorkerThread "GC Thread#4"                     [id=19148, stack(0x000000b821a00000,0x000000b821b00000) (1024K)]
  0x000001f37cd34020 WorkerThread "GC Thread#5"                     [id=15108, stack(0x000000b821b00000,0x000000b821c00000) (1024K)]
  0x000001f37dbe7740 WorkerThread "GC Thread#6"                     [id=23340, stack(0x000000b821c00000,0x000000b821d00000) (1024K)]
  0x000001f37df81a50 WorkerThread "GC Thread#7"                     [id=19836, stack(0x000000b821f00000,0x000000b822000000) (1024K)]
  0x000001f37df7b840 WorkerThread "GC Thread#8"                     [id=15412, stack(0x000000b822200000,0x000000b822300000) (1024K)]
  0x000001f37df7b4a0 WorkerThread "GC Thread#9"                     [id=18632, stack(0x000000b822300000,0x000000b822400000) (1024K)]
Total: 12

Threads with active compile tasks:
Total: 0

VM state: not at safepoint (normal execution)

VM Mutex/Monitor currently owned by a thread: None

Heap address: 0x0000000080000000, size: 2048 MB, Compressed Oops mode: 32-bit

CDS archive(s) mapped at: [0x000001f300000000-0x000001f300ba0000-0x000001f300ba0000), size 12189696, SharedBaseAddress: 0x000001f300000000, ArchiveRelocationMode: 1.
Compressed class space mapped at: 0x000001f301000000-0x000001f341000000, reserved size: 1073741824
Narrow klass base: 0x000001f300000000, Narrow klass shift: 0, Narrow klass range: 0x100000000

GC Precious Log:
 CardTable entry size: 512
 CPUs: 12 total, 12 available
 Memory: 32671M
 Large Page Support: Disabled
 NUMA Support: Disabled
 Compressed Oops: Enabled (32-bit)
 Alignments: Space 512K, Generation 512K, Heap 2M
 Heap Min Capacity: 100M
 Heap Initial Capacity: 100M
 Heap Max Capacity: 2G
 Pre-touch: Disabled
 Parallel Workers: 10

Heap:
 PSYoungGen      total 2560K, used 2302K [0x00000000d5580000, 0x00000000d5900000, 0x0000000100000000)
  eden space 2048K, 96% used [0x00000000d5580000,0x00000000d576f8e0,0x00000000d5780000)
  from space 512K, 62% used [0x00000000d5880000,0x00000000d58d0000,0x00000000d5900000)
  to   space 512K, 0% used [0x00000000d5800000,0x00000000d5800000,0x00000000d5880000)
 ParOldGen       total 195072K, used 142443K [0x0000000080000000, 0x000000008be80000, 0x00000000d5580000)
  object space 195072K, 73% used [0x0000000080000000,0x0000000088b1ae50,0x000000008be80000)
 Metaspace       used 88444K, committed 90176K, reserved 1179648K
  class space    used 10303K, committed 11072K, reserved 1048576K

Card table byte_map: [0x000001f3768d0000,0x000001f376ce0000] _byte_map_base: 0x000001f3764d0000

Marking Bits: (ParMarkBitMap*) 0x00007ffbe958a340
 Begin Bits: [0x000001f376f90000, 0x000001f378f90000)
 End Bits:   [0x000001f378f90000, 0x000001f37af90000)

Polling page: 0x000001f362c70000

Metaspace:

Usage:
  Non-class:     76.31 MB used.
      Class:     10.06 MB used.
       Both:     86.37 MB used.

Virtual space:
  Non-class space:      128.00 MB reserved,      77.25 MB ( 60%) committed,  2 nodes.
      Class space:        1.00 GB reserved,      10.81 MB (  1%) committed,  1 nodes.
             Both:        1.12 GB reserved,      88.06 MB (  8%) committed. 

Chunk freelists:
   Non-Class:  2.41 MB
       Class:  5.08 MB
        Both:  7.48 MB

MaxMetaspaceSize: unlimited
CompressedClassSpaceSize: 1.00 GB
Initial GC threshold: 21.00 MB
Current GC threshold: 144.94 MB
CDS: on
 - commit_granule_bytes: 65536.
 - commit_granule_words: 8192.
 - virtual_space_node_default_size: 8388608.
 - enlarge_chunks_in_place: 1.
 - use_allocation_guard: 0.


Internal statistics:

num_allocs_failed_limit: 9.
num_arena_births: 1712.
num_arena_deaths: 14.
num_vsnodes_births: 3.
num_vsnodes_deaths: 0.
num_space_committed: 1409.
num_space_uncommitted: 0.
num_chunks_returned_to_freelist: 23.
num_chunks_taken_from_freelist: 5702.
num_chunk_merges: 12.
num_chunk_splits: 3582.
num_chunks_enlarged: 2174.
num_inconsistent_stats: 0.

CodeHeap 'non-profiled nmethods': size=120000Kb used=14997Kb max_used=14997Kb free=105002Kb
 bounds [0x000001f36f1c0000, 0x000001f370070000, 0x000001f3766f0000]
CodeHeap 'profiled nmethods': size=120000Kb used=35340Kb max_used=35340Kb free=84659Kb
 bounds [0x000001f3676f0000, 0x000001f369980000, 0x000001f36ec20000]
CodeHeap 'non-nmethods': size=5760Kb used=1491Kb max_used=1568Kb free=4268Kb
 bounds [0x000001f36ec20000, 0x000001f36ee90000, 0x000001f36f1c0000]
CodeCache: size=245760Kb, used=51828Kb, max_used=51905Kb, free=193929Kb
 total_blobs=16038, nmethods=15229, adapters=712, full_count=0
Compilation: enabled, stopped_count=0, restarted_count=0

Compilation events (20 events):
Event: 2508.380 Thread 0x000001f362c6e8d0 16648       3       org.eclipse.core.runtime.SubMonitor::checkCanceled (17 bytes)
Event: 2508.381 Thread 0x000001f362c6e8d0 nmethod 16648 0x000001f369968c90 code [0x000001f369968e60, 0x000001f369969248]
Event: 2508.385 Thread 0x000001f362c6e8d0 16649       3       java.util.TreeMap$TreeMapSpliterator::estimateSize (6 bytes)
Event: 2508.385 Thread 0x000001f362c6e8d0 nmethod 16649 0x000001f369969410 code [0x000001f3699695c0, 0x000001f3699696f8]
Event: 2509.529 Thread 0x000001f362c6e8d0 16650       3       java.util.TreeMap$TreeMapSpliterator::getEstimate (68 bytes)
Event: 2509.529 Thread 0x000001f362c6e8d0 nmethod 16650 0x000001f369969790 code [0x000001f369969980, 0x000001f369969e10]
Event: 2509.679 Thread 0x000001f362c6e8d0 16651       3       java.util.Formatter$Flags::parse (63 bytes)
Event: 2509.680 Thread 0x000001f362c6e8d0 nmethod 16651 0x000001f36996a010 code [0x000001f36996a260, 0x000001f36996aaf8]
Event: 2510.111 Thread 0x000001f362c6e8d0 16652       3       org.eclipse.jdt.internal.core.DeltaProcessor$1FoundRelevantDeltaException::<init> (10 bytes)
Event: 2510.111 Thread 0x000001f362c6e8d0 nmethod 16652 0x000001f36996af90 code [0x000001f36996b140, 0x000001f36996b350]
Event: 2544.783 Thread 0x000001f362c6e8d0 16653       3       org.eclipse.jdt.internal.core.util.Util::indexOfJavaLikeExtension (116 bytes)
Event: 2544.784 Thread 0x000001f362c6e8d0 nmethod 16653 0x000001f36996b490 code [0x000001f36996b740, 0x000001f36996c588]
Event: 2544.787 Thread 0x000001f362c6e8d0 16654       1       java.util.EventObject::getSource (5 bytes)
Event: 2544.787 Thread 0x000001f362c6e8d0 nmethod 16654 0x000001f370064f10 code [0x000001f3700650a0, 0x000001f370065168]
Event: 2547.941 Thread 0x000001f362c6caf0 16655       4       java.lang.String::encodeASCII (146 bytes)
Event: 2547.942 Thread 0x000001f362c6caf0 nmethod 16655 0x000001f370065210 code [0x000001f3700653a0, 0x000001f370065640]
Event: 2564.497 Thread 0x000001f362c6e8d0 16656       3       org.eclipse.jdt.ls.core.internal.ParentProcessWatcher::run (83 bytes)
Event: 2564.498 Thread 0x000001f362c6e8d0 nmethod 16656 0x000001f36996cc90 code [0x000001f36996cf20, 0x000001f36996d950]
Event: 2564.498 Thread 0x000001f362c6e8d0 16657   !   3       org.eclipse.jdt.ls.core.internal.ParentProcessWatcher::parentProcessStillRunning (492 bytes)
Event: 2564.499 Thread 0x000001f362c6e8d0 nmethod 16657 0x000001f36996dc90 code [0x000001f36996e5a0, 0x000001f3699722c0]

GC Heap History (20 events):
Event: 2374.226 GC heap before
{Heap before GC invocations=795 (full 4):
 PSYoungGen      total 2560K, used 2304K [0x00000000d5580000, 0x00000000d5900000, 0x0000000100000000)
  eden space 2048K, 100% used [0x00000000d5580000,0x00000000d5780000,0x00000000d5780000)
  from space 512K, 50% used [0x00000000d5880000,0x00000000d58c0000,0x00000000d5900000)
  to   space 512K, 0% used [0x00000000d5800000,0x00000000d5800000,0x00000000d5880000)
 ParOldGen       total 195072K, used 141843K [0x0000000080000000, 0x000000008be80000, 0x00000000d5580000)
  object space 195072K, 72% used [0x0000000080000000,0x0000000088a84e50,0x000000008be80000)
 Metaspace       used 88344K, committed 90112K, reserved 1179648K
  class space    used 10302K, committed 11072K, reserved 1048576K
}
Event: 2374.227 GC heap after
{Heap after GC invocations=795 (full 4):
 PSYoungGen      total 2560K, used 256K [0x00000000d5580000, 0x00000000d5900000, 0x0000000100000000)
  eden space 2048K, 0% used [0x00000000d5580000,0x00000000d5580000,0x00000000d5780000)
  from space 512K, 50% used [0x00000000d5800000,0x00000000d5840000,0x00000000d5880000)
  to   space 512K, 0% used [0x00000000d5880000,0x00000000d5880000,0x00000000d5900000)
 ParOldGen       total 195072K, used 141907K [0x0000000080000000, 0x000000008be80000, 0x00000000d5580000)
  object space 195072K, 72% used [0x0000000080000000,0x0000000088a94e50,0x000000008be80000)
 Metaspace       used 88344K, committed 90112K, reserved 1179648K
  class space    used 10302K, committed 11072K, reserved 1048576K
}
Event: 2384.166 GC heap before
{Heap before GC invocations=796 (full 4):
 PSYoungGen      total 2560K, used 2304K [0x00000000d5580000, 0x00000000d5900000, 0x0000000100000000)
  eden space 2048K, 100% used [0x00000000d5580000,0x00000000d5780000,0x00000000d5780000)
  from space 512K, 50% used [0x00000000d5800000,0x00000000d5840000,0x00000000d5880000)
  to   space 512K, 0% used [0x00000000d5880000,0x00000000d5880000,0x00000000d5900000)
 ParOldGen       total 195072K, used 141907K [0x0000000080000000, 0x000000008be80000, 0x00000000d5580000)
  object space 195072K, 72% used [0x0000000080000000,0x0000000088a94e50,0x000000008be80000)
 Metaspace       used 88352K, committed 90112K, reserved 1179648K
  class space    used 10302K, committed 11072K, reserved 1048576K
}
Event: 2384.166 GC heap after
{Heap after GC invocations=796 (full 4):
 PSYoungGen      total 2560K, used 320K [0x00000000d5580000, 0x00000000d5900000, 0x0000000100000000)
  eden space 2048K, 0% used [0x00000000d5580000,0x00000000d5580000,0x00000000d5780000)
  from space 512K, 62% used [0x00000000d5880000,0x00000000d58d0000,0x00000000d5900000)
  to   space 512K, 0% used [0x00000000d5800000,0x00000000d5800000,0x00000000d5880000)
 ParOldGen       total 195072K, used 141971K [0x0000000080000000, 0x000000008be80000, 0x00000000d5580000)
  object space 195072K, 72% used [0x0000000080000000,0x0000000088aa4e50,0x000000008be80000)
 Metaspace       used 88352K, committed 90112K, reserved 1179648K
  class space    used 10302K, committed 11072K, reserved 1048576K
}
Event: 2390.489 GC heap before
{Heap before GC invocations=797 (full 4):
 PSYoungGen      total 2560K, used 2368K [0x00000000d5580000, 0x00000000d5900000, 0x0000000100000000)
  eden space 2048K, 100% used [0x00000000d5580000,0x00000000d5780000,0x00000000d5780000)
  from space 512K, 62% used [0x00000000d5880000,0x00000000d58d0000,0x00000000d5900000)
  to   space 512K, 0% used [0x00000000d5800000,0x00000000d5800000,0x00000000d5880000)
 ParOldGen       total 195072K, used 141971K [0x0000000080000000, 0x000000008be80000, 0x00000000d5580000)
  object space 195072K, 72% used [0x0000000080000000,0x0000000088aa4e50,0x000000008be80000)
 Metaspace       used 88363K, committed 90112K, reserved 1179648K
  class space    used 10302K, committed 11072K, reserved 1048576K
}
Event: 2390.490 GC heap after
{Heap after GC invocations=797 (full 4):
 PSYoungGen      total 2560K, used 288K [0x00000000d5580000, 0x00000000d5900000, 0x0000000100000000)
  eden space 2048K, 0% used [0x00000000d5580000,0x00000000d5580000,0x00000000d5780000)
  from space 512K, 56% used [0x00000000d5800000,0x00000000d5848000,0x00000000d5880000)
  to   space 512K, 0% used [0x00000000d5880000,0x00000000d5880000,0x00000000d5900000)
 ParOldGen       total 195072K, used 142035K [0x0000000080000000, 0x000000008be80000, 0x00000000d5580000)
  object space 195072K, 72% used [0x0000000080000000,0x0000000088ab4e50,0x000000008be80000)
 Metaspace       used 88363K, committed 90112K, reserved 1179648K
  class space    used 10302K, committed 11072K, reserved 1048576K
}
Event: 2408.736 GC heap before
{Heap before GC invocations=798 (full 4):
 PSYoungGen      total 2560K, used 2336K [0x00000000d5580000, 0x00000000d5900000, 0x0000000100000000)
  eden space 2048K, 100% used [0x00000000d5580000,0x00000000d5780000,0x00000000d5780000)
  from space 512K, 56% used [0x00000000d5800000,0x00000000d5848000,0x00000000d5880000)
  to   space 512K, 0% used [0x00000000d5880000,0x00000000d5880000,0x00000000d5900000)
 ParOldGen       total 195072K, used 142035K [0x0000000080000000, 0x000000008be80000, 0x00000000d5580000)
  object space 195072K, 72% used [0x0000000080000000,0x0000000088ab4e50,0x000000008be80000)
 Metaspace       used 88406K, committed 90176K, reserved 1179648K
  class space    used 10303K, committed 11072K, reserved 1048576K
}
Event: 2408.737 GC heap after
{Heap after GC invocations=798 (full 4):
 PSYoungGen      total 2560K, used 256K [0x00000000d5580000, 0x00000000d5900000, 0x0000000100000000)
  eden space 2048K, 0% used [0x00000000d5580000,0x00000000d5580000,0x00000000d5780000)
  from space 512K, 50% used [0x00000000d5880000,0x00000000d58c0000,0x00000000d5900000)
  to   space 512K, 0% used [0x00000000d5800000,0x00000000d5800000,0x00000000d5880000)
 ParOldGen       total 195072K, used 142075K [0x0000000080000000, 0x000000008be80000, 0x00000000d5580000)
  object space 195072K, 72% used [0x0000000080000000,0x0000000088abee50,0x000000008be80000)
 Metaspace       used 88406K, committed 90176K, reserved 1179648K
  class space    used 10303K, committed 11072K, reserved 1048576K
}
Event: 2411.364 GC heap before
{Heap before GC invocations=799 (full 4):
 PSYoungGen      total 2560K, used 2304K [0x00000000d5580000, 0x00000000d5900000, 0x0000000100000000)
  eden space 2048K, 100% used [0x00000000d5580000,0x00000000d5780000,0x00000000d5780000)
  from space 512K, 50% used [0x00000000d5880000,0x00000000d58c0000,0x00000000d5900000)
  to   space 512K, 0% used [0x00000000d5800000,0x00000000d5800000,0x00000000d5880000)
 ParOldGen       total 195072K, used 142075K [0x0000000080000000, 0x000000008be80000, 0x00000000d5580000)
  object space 195072K, 72% used [0x0000000080000000,0x0000000088abee50,0x000000008be80000)
 Metaspace       used 88406K, committed 90176K, reserved 1179648K
  class space    used 10303K, committed 11072K, reserved 1048576K
}
Event: 2411.365 GC heap after
{Heap after GC invocations=799 (full 4):
 PSYoungGen      total 2560K, used 288K [0x00000000d5580000, 0x00000000d5900000, 0x0000000100000000)
  eden space 2048K, 0% used [0x00000000d5580000,0x00000000d5580000,0x00000000d5780000)
  from space 512K, 56% used [0x00000000d5800000,0x00000000d5848000,0x00000000d5880000)
  to   space 512K, 0% used [0x00000000d5880000,0x00000000d5880000,0x00000000d5900000)
 ParOldGen       total 195072K, used 142147K [0x0000000080000000, 0x000000008be80000, 0x00000000d5580000)
  object space 195072K, 72% used [0x0000000080000000,0x0000000088ad0e50,0x000000008be80000)
 Metaspace       used 88406K, committed 90176K, reserved 1179648K
  class space    used 10303K, committed 11072K, reserved 1048576K
}
Event: 2414.107 GC heap before
{Heap before GC invocations=800 (full 4):
 PSYoungGen      total 2560K, used 2336K [0x00000000d5580000, 0x00000000d5900000, 0x0000000100000000)
  eden space 2048K, 100% used [0x00000000d5580000,0x00000000d5780000,0x00000000d5780000)
  from space 512K, 56% used [0x00000000d5800000,0x00000000d5848000,0x00000000d5880000)
  to   space 512K, 0% used [0x00000000d5880000,0x00000000d5880000,0x00000000d5900000)
 ParOldGen       total 195072K, used 142147K [0x0000000080000000, 0x000000008be80000, 0x00000000d5580000)
  object space 195072K, 72% used [0x0000000080000000,0x0000000088ad0e50,0x000000008be80000)
 Metaspace       used 88415K, committed 90176K, reserved 1179648K
  class space    used 10303K, committed 11072K, reserved 1048576K
}
Event: 2414.107 GC heap after
{Heap after GC invocations=800 (full 4):
 PSYoungGen      total 2560K, used 256K [0x00000000d5580000, 0x00000000d5900000, 0x0000000100000000)
  eden space 2048K, 0% used [0x00000000d5580000,0x00000000d5580000,0x00000000d5780000)
  from space 512K, 50% used [0x00000000d5880000,0x00000000d58c0000,0x00000000d5900000)
  to   space 512K, 0% used [0x00000000d5800000,0x00000000d5800000,0x00000000d5880000)
 ParOldGen       total 195072K, used 142203K [0x0000000080000000, 0x000000008be80000, 0x00000000d5580000)
  object space 195072K, 72% used [0x0000000080000000,0x0000000088adee50,0x000000008be80000)
 Metaspace       used 88415K, committed 90176K, reserved 1179648K
  class space    used 10303K, committed 11072K, reserved 1048576K
}
Event: 2445.753 GC heap before
{Heap before GC invocations=801 (full 4):
 PSYoungGen      total 2560K, used 2304K [0x00000000d5580000, 0x00000000d5900000, 0x0000000100000000)
  eden space 2048K, 100% used [0x00000000d5580000,0x00000000d5780000,0x00000000d5780000)
  from space 512K, 50% used [0x00000000d5880000,0x00000000d58c0000,0x00000000d5900000)
  to   space 512K, 0% used [0x00000000d5800000,0x00000000d5800000,0x00000000d5880000)
 ParOldGen       total 195072K, used 142203K [0x0000000080000000, 0x000000008be80000, 0x00000000d5580000)
  object space 195072K, 72% used [0x0000000080000000,0x0000000088adee50,0x000000008be80000)
 Metaspace       used 88423K, committed 90176K, reserved 1179648K
  class space    used 10303K, committed 11072K, reserved 1048576K
}
Event: 2445.753 GC heap after
{Heap after GC invocations=801 (full 4):
 PSYoungGen      total 2560K, used 256K [0x00000000d5580000, 0x00000000d5900000, 0x0000000100000000)
  eden space 2048K, 0% used [0x00000000d5580000,0x00000000d5580000,0x00000000d5780000)
  from space 512K, 50% used [0x00000000d5800000,0x00000000d5840000,0x00000000d5880000)
  to   space 512K, 0% used [0x00000000d5880000,0x00000000d5880000,0x00000000d5900000)
 ParOldGen       total 195072K, used 142259K [0x0000000080000000, 0x000000008be80000, 0x00000000d5580000)
  object space 195072K, 72% used [0x0000000080000000,0x0000000088aece50,0x000000008be80000)
 Metaspace       used 88423K, committed 90176K, reserved 1179648K
  class space    used 10303K, committed 11072K, reserved 1048576K
}
Event: 2472.905 GC heap before
{Heap before GC invocations=802 (full 4):
 PSYoungGen      total 2560K, used 2304K [0x00000000d5580000, 0x00000000d5900000, 0x0000000100000000)
  eden space 2048K, 100% used [0x00000000d5580000,0x00000000d5780000,0x00000000d5780000)
  from space 512K, 50% used [0x00000000d5800000,0x00000000d5840000,0x00000000d5880000)
  to   space 512K, 0% used [0x00000000d5880000,0x00000000d5880000,0x00000000d5900000)
 ParOldGen       total 195072K, used 142259K [0x0000000080000000, 0x000000008be80000, 0x00000000d5580000)
  object space 195072K, 72% used [0x0000000080000000,0x0000000088aece50,0x000000008be80000)
 Metaspace       used 88431K, committed 90176K, reserved 1179648K
  class space    used 10303K, committed 11072K, reserved 1048576K
}
Event: 2472.906 GC heap after
{Heap after GC invocations=802 (full 4):
 PSYoungGen      total 2560K, used 288K [0x00000000d5580000, 0x00000000d5900000, 0x0000000100000000)
  eden space 2048K, 0% used [0x00000000d5580000,0x00000000d5580000,0x00000000d5780000)
  from space 512K, 56% used [0x00000000d5880000,0x00000000d58c8000,0x00000000d5900000)
  to   space 512K, 0% used [0x00000000d5800000,0x00000000d5800000,0x00000000d5880000)
 ParOldGen       total 195072K, used 142323K [0x0000000080000000, 0x000000008be80000, 0x00000000d5580000)
  object space 195072K, 72% used [0x0000000080000000,0x0000000088afce50,0x000000008be80000)
 Metaspace       used 88431K, committed 90176K, reserved 1179648K
  class space    used 10303K, committed 11072K, reserved 1048576K
}
Event: 2507.878 GC heap before
{Heap before GC invocations=803 (full 4):
 PSYoungGen      total 2560K, used 2336K [0x00000000d5580000, 0x00000000d5900000, 0x0000000100000000)
  eden space 2048K, 100% used [0x00000000d5580000,0x00000000d5780000,0x00000000d5780000)
  from space 512K, 56% used [0x00000000d5880000,0x00000000d58c8000,0x00000000d5900000)
  to   space 512K, 0% used [0x00000000d5800000,0x00000000d5800000,0x00000000d5880000)
 ParOldGen       total 195072K, used 142323K [0x0000000080000000, 0x000000008be80000, 0x00000000d5580000)
  object space 195072K, 72% used [0x0000000080000000,0x0000000088afce50,0x000000008be80000)
 Metaspace       used 88433K, committed 90176K, reserved 1179648K
  class space    used 10303K, committed 11072K, reserved 1048576K
}
Event: 2507.878 GC heap after
{Heap after GC invocations=803 (full 4):
 PSYoungGen      total 2560K, used 320K [0x00000000d5580000, 0x00000000d5900000, 0x0000000100000000)
  eden space 2048K, 0% used [0x00000000d5580000,0x00000000d5580000,0x00000000d5780000)
  from space 512K, 62% used [0x00000000d5800000,0x00000000d5850000,0x00000000d5880000)
  to   space 512K, 0% used [0x00000000d5880000,0x00000000d5880000,0x00000000d5900000)
 ParOldGen       total 195072K, used 142379K [0x0000000080000000, 0x000000008be80000, 0x00000000d5580000)
  object space 195072K, 72% used [0x0000000080000000,0x0000000088b0ae50,0x000000008be80000)
 Metaspace       used 88433K, committed 90176K, reserved 1179648K
  class space    used 10303K, committed 11072K, reserved 1048576K
}
Event: 2510.113 GC heap before
{Heap before GC invocations=804 (full 4):
 PSYoungGen      total 2560K, used 2368K [0x00000000d5580000, 0x00000000d5900000, 0x0000000100000000)
  eden space 2048K, 100% used [0x00000000d5580000,0x00000000d5780000,0x00000000d5780000)
  from space 512K, 62% used [0x00000000d5800000,0x00000000d5850000,0x00000000d5880000)
  to   space 512K, 0% used [0x00000000d5880000,0x00000000d5880000,0x00000000d5900000)
 ParOldGen       total 195072K, used 142379K [0x0000000080000000, 0x000000008be80000, 0x00000000d5580000)
  object space 195072K, 72% used [0x0000000080000000,0x0000000088b0ae50,0x000000008be80000)
 Metaspace       used 88437K, committed 90176K, reserved 1179648K
  class space    used 10303K, committed 11072K, reserved 1048576K
}
Event: 2510.113 GC heap after
{Heap after GC invocations=804 (full 4):
 PSYoungGen      total 2560K, used 320K [0x00000000d5580000, 0x00000000d5900000, 0x0000000100000000)
  eden space 2048K, 0% used [0x00000000d5580000,0x00000000d5580000,0x00000000d5780000)
  from space 512K, 62% used [0x00000000d5880000,0x00000000d58d0000,0x00000000d5900000)
  to   space 512K, 0% used [0x00000000d5800000,0x00000000d5800000,0x00000000d5880000)
 ParOldGen       total 195072K, used 142443K [0x0000000080000000, 0x000000008be80000, 0x00000000d5580000)
  object space 195072K, 73% used [0x0000000080000000,0x0000000088b1ae50,0x000000008be80000)
 Metaspace       used 88437K, committed 90176K, reserved 1179648K
  class space    used 10303K, committed 11072K, reserved 1048576K
}

Dll operation events (15 events):
Event: 0.011 Loaded shared library c:\Users\Fazer-PC\.cursor\extensions\redhat.java-1.45.0-win32-x64\jre\21.0.8-win32-x86_64\bin\java.dll
Event: 0.034 Loaded shared library c:\Users\Fazer-PC\.cursor\extensions\redhat.java-1.45.0-win32-x64\jre\21.0.8-win32-x86_64\bin\zip.dll
Event: 0.084 Loaded shared library C:\Users\Fazer-PC\.cursor\extensions\redhat.java-1.45.0-win32-x64\jre\21.0.8-win32-x86_64\bin\instrument.dll
Event: 0.089 Loaded shared library C:\Users\Fazer-PC\.cursor\extensions\redhat.java-1.45.0-win32-x64\jre\21.0.8-win32-x86_64\bin\net.dll
Event: 0.091 Loaded shared library C:\Users\Fazer-PC\.cursor\extensions\redhat.java-1.45.0-win32-x64\jre\21.0.8-win32-x86_64\bin\nio.dll
Event: 0.093 Loaded shared library C:\Users\Fazer-PC\.cursor\extensions\redhat.java-1.45.0-win32-x64\jre\21.0.8-win32-x86_64\bin\zip.dll
Event: 0.109 Loaded shared library C:\Users\Fazer-PC\.cursor\extensions\redhat.java-1.45.0-win32-x64\jre\21.0.8-win32-x86_64\bin\jimage.dll
Event: 0.169 Loaded shared library c:\Users\Fazer-PC\.cursor\extensions\redhat.java-1.45.0-win32-x64\jre\21.0.8-win32-x86_64\bin\verify.dll
Event: 1.185 Loaded shared library C:\Users\Fazer-PC\AppData\Roaming\Cursor\User\globalStorage\redhat.java\1.45.0\config_win\org.eclipse.equinox.launcher\org.eclipse.equinox.launcher.win32.win32.x86_64_1.2.1400.v20250801-0854\eclipse_11916.dll
Event: 2.935 Loaded shared library C:\Users\Fazer-PC\AppData\Local\Temp\jna-1220657012\jna8308588638145687135.dll
Event: 4.266 Loaded shared library C:\Users\Fazer-PC\.cursor\extensions\redhat.java-1.45.0-win32-x64\jre\21.0.8-win32-x86_64\bin\sunmscapi.dll
Event: 4.337 Loaded shared library C:\Users\Fazer-PC\.cursor\extensions\redhat.java-1.45.0-win32-x64\jre\21.0.8-win32-x86_64\bin\extnet.dll
Event: 6.047 Loaded shared library C:\Users\Fazer-PC\.gradle\native\c067742578af261105cb4f569cf0c3c89f3d7b1fecec35dd04571415982c5e48\windows-amd64\native-platform.dll
Event: 6.749 Loaded shared library C:\Users\Fazer-PC\.cursor\extensions\redhat.java-1.45.0-win32-x64\jre\21.0.8-win32-x86_64\bin\management.dll
Event: 6.751 Loaded shared library C:\Users\Fazer-PC\.cursor\extensions\redhat.java-1.45.0-win32-x64\jre\21.0.8-win32-x86_64\bin\management_ext.dll

Deoptimization events (20 events):
Event: 935.235 Thread 0x000001f3465faa60 Uncommon trap: trap_request=0xffffff45 fr.pc=0x000001f36fc64928 relative=0x0000000000001208
Event: 935.235 Thread 0x000001f3465faa60 Uncommon trap: reason=unstable_if action=reinterpret pc=0x000001f36fc64928 method=org.eclipse.core.internal.resources.Resource.isTeamPrivateMember(I)Z @ 15 c2
Event: 935.235 Thread 0x000001f3465faa60 DEOPT PACKING pc=0x000001f36fc64928 sp=0x000000b8240fee50
Event: 935.235 Thread 0x000001f3465faa60 DEOPT UNPACKING pc=0x000001f36ec73aa2 sp=0x000000b8240fee28 mode 2
Event: 935.235 Thread 0x000001f3465faa60 Uncommon trap: trap_request=0xffffff45 fr.pc=0x000001f36fc575d4 relative=0x0000000000000114
Event: 935.235 Thread 0x000001f3465faa60 Uncommon trap: reason=unstable_if action=reinterpret pc=0x000001f36fc575d4 method=org.eclipse.core.internal.resources.Resource.isHidden(I)Z @ 15 c2
Event: 935.235 Thread 0x000001f3465faa60 DEOPT PACKING pc=0x000001f36fc575d4 sp=0x000000b8240feea0
Event: 935.235 Thread 0x000001f3465faa60 DEOPT UNPACKING pc=0x000001f36ec73aa2 sp=0x000000b8240fee28 mode 2
Event: 935.235 Thread 0x000001f3465faa60 Uncommon trap: trap_request=0xffffff45 fr.pc=0x000001f36fcc10f8 relative=0x0000000000000338
Event: 935.235 Thread 0x000001f3465faa60 Uncommon trap: reason=unstable_if action=reinterpret pc=0x000001f36fcc10f8 method=org.eclipse.jdt.internal.core.util.Util.indexOfJavaLikeExtension(Ljava/lang/String;)I @ 85 c2
Event: 935.235 Thread 0x000001f3465faa60 DEOPT PACKING pc=0x000001f36fcc10f8 sp=0x000000b8240ff030
Event: 935.235 Thread 0x000001f3465faa60 DEOPT UNPACKING pc=0x000001f36ec73aa2 sp=0x000000b8240fefa0 mode 2
Event: 2373.796 Thread 0x000001f3465faa60 Uncommon trap: trap_request=0xffffff45 fr.pc=0x000001f36fc804f8 relative=0x0000000000001178
Event: 2373.796 Thread 0x000001f3465faa60 Uncommon trap: reason=unstable_if action=reinterpret pc=0x000001f36fc804f8 method=org.eclipse.core.internal.localstore.UnifiedTreeNode.existsInFileSystem()Z @ 16 c2
Event: 2373.796 Thread 0x000001f3465faa60 DEOPT PACKING pc=0x000001f36fc804f8 sp=0x000000b8240fed90
Event: 2373.796 Thread 0x000001f3465faa60 DEOPT UNPACKING pc=0x000001f36ec73aa2 sp=0x000000b8240fecb8 mode 2
Event: 2373.796 Thread 0x000001f3465faa60 Uncommon trap: trap_request=0xffffff45 fr.pc=0x000001f36fd6d090 relative=0x0000000000000070
Event: 2373.796 Thread 0x000001f3465faa60 Uncommon trap: reason=unstable_if action=reinterpret pc=0x000001f36fd6d090 method=org.eclipse.core.internal.resources.Resource.isLocal(II)Z @ 2 c2
Event: 2373.796 Thread 0x000001f3465faa60 DEOPT PACKING pc=0x000001f36fd6d090 sp=0x000000b8240fec30
Event: 2373.796 Thread 0x000001f3465faa60 DEOPT UNPACKING pc=0x000001f36ec73aa2 sp=0x000000b8240feba0 mode 2

Classes loaded (20 events):
Event: 23.625 Loading class java/util/concurrent/ConcurrentHashMap$TreeBin
Event: 23.625 Loading class java/util/concurrent/ConcurrentHashMap$TreeBin done
Event: 31.093 Loading class sun/nio/cs/ISO_8859_1$Encoder
Event: 31.093 Loading class sun/nio/cs/ISO_8859_1$Encoder done
Event: 31.093 Loading class sun/nio/cs/Surrogate$Parser
Event: 31.093 Loading class sun/nio/cs/Surrogate$Parser done
Event: 31.093 Loading class sun/nio/cs/Surrogate
Event: 31.093 Loading class sun/nio/cs/Surrogate done
Event: 309.085 Loading class java/util/stream/Nodes$CollectorTask$OfRef
Event: 309.086 Loading class java/util/stream/Nodes$CollectorTask
Event: 309.086 Loading class java/util/stream/Nodes$CollectorTask done
Event: 309.086 Loading class java/util/stream/Nodes$CollectorTask$OfRef done
Event: 309.086 Loading class java/util/function/LongFunction
Event: 309.086 Loading class java/util/function/LongFunction done
Event: 309.086 Loading class java/util/stream/Nodes$ConcNode
Event: 309.086 Loading class java/util/stream/Nodes$AbstractConcNode
Event: 309.086 Loading class java/util/stream/Nodes$AbstractConcNode done
Event: 309.086 Loading class java/util/stream/Nodes$ConcNode done
Event: 418.591 Loading class java/nio/channels/CompletionHandler
Event: 418.591 Loading class java/nio/channels/CompletionHandler done

Classes unloaded (7 events):
Event: 3.493 Thread 0x000001f37b574670 Unloading class 0x000001f3011aa400 'java/lang/invoke/LambdaForm$MH+0x000001f3011aa400'
Event: 3.493 Thread 0x000001f37b574670 Unloading class 0x000001f3011aa000 'java/lang/invoke/LambdaForm$MH+0x000001f3011aa000'
Event: 3.493 Thread 0x000001f37b574670 Unloading class 0x000001f3011a9c00 'java/lang/invoke/LambdaForm$MH+0x000001f3011a9c00'
Event: 3.493 Thread 0x000001f37b574670 Unloading class 0x000001f3011a9800 'java/lang/invoke/LambdaForm$MH+0x000001f3011a9800'
Event: 3.493 Thread 0x000001f37b574670 Unloading class 0x000001f3011a9400 'java/lang/invoke/LambdaForm$BMH+0x000001f3011a9400'
Event: 3.493 Thread 0x000001f37b574670 Unloading class 0x000001f3011a9000 'java/lang/invoke/LambdaForm$DMH+0x000001f3011a9000'
Event: 3.493 Thread 0x000001f37b574670 Unloading class 0x000001f3011a8000 'java/lang/invoke/LambdaForm$DMH+0x000001f3011a8000'

Classes redefined (0 events):
No events

Internal exceptions (20 events):
Event: 309.091 Thread 0x000001f345673490 Implicit null exception at 0x000001f36f906e06 to 0x000001f36f906fd4
Event: 309.114 Thread 0x000001f345673490 Exception <a 'java/lang/NoSuchMethodError'{0x00000000d55d5b18}: 'java.lang.Object java.lang.invoke.DirectMethodHandle$Holder.newInvokeSpecial(java.lang.Object, java.lang.Object, java.lang.Object, java.lang.Object, java.lang.Object, java.lang.Object, java.lang.Object, java.lang.Object)'> (0x00000000d55d5b18) 
thrown [s\src\hotspot\share\interpreter\linkResolver.cpp, line 773]
Event: 457.226 Thread 0x000001f3463ade30 Implicit null exception at 0x000001f36f573a84 to 0x000001f36f5756bc
Event: 457.271 Thread 0x000001f3463ade30 Implicit null exception at 0x000001f36fc96428 to 0x000001f36fc965dc
Event: 613.963 Thread 0x000001f37e5e0de0 Exception <a 'sun/nio/fs/WindowsException'{0x00000000d57c92d0}> (0x00000000d57c92d0) 
thrown [s\src\hotspot\share\prims\jni.cpp, line 520]
Event: 613.963 Thread 0x000001f37e5e0de0 Exception <a 'sun/nio/fs/WindowsException'{0x00000000d57c9e08}> (0x00000000d57c9e08) 
thrown [s\src\hotspot\share\prims\jni.cpp, line 520]
Event: 654.258 Thread 0x000001f3465f96b0 Implicit null exception at 0x000001f36ffd71f5 to 0x000001f36ffd7c40
Event: 795.270 Thread 0x000001f3465f96b0 Implicit null exception at 0x000001f36fb9b3ce to 0x000001f36fb9bc4c
Event: 935.235 Thread 0x000001f3465faa60 Implicit null exception at 0x000001f36ff9e170 to 0x000001f36ff9f900
Event: 935.235 Thread 0x000001f3465faa60 Implicit null exception at 0x000001f36fc63790 to 0x000001f36fc64918
Event: 955.051 Thread 0x000001f3463ade30 Exception <a 'sun/nio/fs/WindowsException'{0x00000000d55d5458}> (0x00000000d55d5458) 
thrown [s\src\hotspot\share\prims\jni.cpp, line 520]
Event: 955.051 Thread 0x000001f3463ade30 Exception <a 'sun/nio/fs/WindowsException'{0x00000000d55d5f88}> (0x00000000d55d5f88) 
thrown [s\src\hotspot\share\prims\jni.cpp, line 520]
Event: 1376.778 Thread 0x000001f3463ade30 Exception <a 'sun/nio/fs/WindowsException'{0x00000000d56c1d20}> (0x00000000d56c1d20) 
thrown [s\src\hotspot\share\prims\jni.cpp, line 520]
Event: 1376.778 Thread 0x000001f3463ade30 Exception <a 'sun/nio/fs/WindowsException'{0x00000000d56c2860}> (0x00000000d56c2860) 
thrown [s\src\hotspot\share\prims\jni.cpp, line 520]
Event: 1678.047 Thread 0x000001f37e5e0de0 Exception <a 'sun/nio/fs/WindowsException'{0x00000000d5774538}> (0x00000000d5774538) 
thrown [s\src\hotspot\share\prims\jni.cpp, line 520]
Event: 1678.047 Thread 0x000001f37e5e0de0 Exception <a 'sun/nio/fs/WindowsException'{0x00000000d5775098}> (0x00000000d5775098) 
thrown [s\src\hotspot\share\prims\jni.cpp, line 520]
Event: 2042.848 Thread 0x000001f3463ade30 Exception <a 'sun/nio/fs/WindowsException'{0x00000000d5774af8}> (0x00000000d5774af8) 
thrown [s\src\hotspot\share\prims\jni.cpp, line 520]
Event: 2042.848 Thread 0x000001f3463ade30 Exception <a 'sun/nio/fs/WindowsException'{0x00000000d5775628}> (0x00000000d5775628) 
thrown [s\src\hotspot\share\prims\jni.cpp, line 520]
Event: 2359.192 Thread 0x000001f3463ade30 Exception <a 'sun/nio/fs/WindowsException'{0x00000000d5608c08}> (0x00000000d5608c08) 
thrown [s\src\hotspot\share\prims\jni.cpp, line 520]
Event: 2359.193 Thread 0x000001f3463ade30 Exception <a 'sun/nio/fs/WindowsException'{0x00000000d5609740}> (0x00000000d5609740) 
thrown [s\src\hotspot\share\prims\jni.cpp, line 520]

ZGC Phase Switch (0 events):
No events

VM Operations (20 events):
Event: 2411.364 Executing VM operation: ParallelGCFailedAllocation (Allocation Failure)
Event: 2411.365 Executing VM operation: ParallelGCFailedAllocation (Allocation Failure) done
Event: 2413.364 Executing VM operation: Cleanup
Event: 2413.364 Executing VM operation: Cleanup done
Event: 2414.107 Executing VM operation: ParallelGCFailedAllocation (Allocation Failure)
Event: 2414.107 Executing VM operation: ParallelGCFailedAllocation (Allocation Failure) done
Event: 2445.753 Executing VM operation: ParallelGCFailedAllocation (Allocation Failure)
Event: 2445.753 Executing VM operation: ParallelGCFailedAllocation (Allocation Failure) done
Event: 2448.755 Executing VM operation: Cleanup
Event: 2448.755 Executing VM operation: Cleanup done
Event: 2465.321 Executing VM operation: HandshakeAllThreads (HandshakeForDeflation)
Event: 2465.322 Executing VM operation: HandshakeAllThreads (HandshakeForDeflation) done
Event: 2465.322 Executing VM operation: RendezvousGCThreads
Event: 2465.322 Executing VM operation: RendezvousGCThreads done
Event: 2472.905 Executing VM operation: ParallelGCFailedAllocation (Allocation Failure)
Event: 2472.906 Executing VM operation: ParallelGCFailedAllocation (Allocation Failure) done
Event: 2507.878 Executing VM operation: ParallelGCFailedAllocation (Allocation Failure)
Event: 2507.878 Executing VM operation: ParallelGCFailedAllocation (Allocation Failure) done
Event: 2510.113 Executing VM operation: ParallelGCFailedAllocation (Allocation Failure)
Event: 2510.113 Executing VM operation: ParallelGCFailedAllocation (Allocation Failure) done

Memory protections (0 events):
No events

Nmethod flushes (20 events):
Event: 418.423 Thread 0x000001f37b574670 flushing  nmethod 0x000001f36838f790
Event: 418.423 Thread 0x000001f37b574670 flushing  nmethod 0x000001f3683a1710
Event: 418.423 Thread 0x000001f37b574670 flushing  nmethod 0x000001f3683a6e90
Event: 418.423 Thread 0x000001f37b574670 flushing osr nmethod 0x000001f3683aa710
Event: 418.423 Thread 0x000001f37b574670 flushing  nmethod 0x000001f3683b3d90
Event: 418.423 Thread 0x000001f37b574670 flushing  nmethod 0x000001f3683b6b10
Event: 418.423 Thread 0x000001f37b574670 flushing  nmethod 0x000001f3683b8b90
Event: 418.423 Thread 0x000001f37b574670 flushing  nmethod 0x000001f3683be410
Event: 418.423 Thread 0x000001f37b574670 flushing  nmethod 0x000001f3683c6890
Event: 418.423 Thread 0x000001f37b574670 flushing  nmethod 0x000001f3683e8c90
Event: 418.423 Thread 0x000001f37b574670 flushing  nmethod 0x000001f3683fb610
Event: 418.423 Thread 0x000001f37b574670 flushing  nmethod 0x000001f3683fbe90
Event: 418.423 Thread 0x000001f37b574670 flushing  nmethod 0x000001f3683fcc90
Event: 418.423 Thread 0x000001f37b574670 flushing  nmethod 0x000001f368414610
Event: 418.423 Thread 0x000001f37b574670 flushing  nmethod 0x000001f368417110
Event: 418.423 Thread 0x000001f37b574670 flushing  nmethod 0x000001f368417890
Event: 418.423 Thread 0x000001f37b574670 flushing  nmethod 0x000001f368419590
Event: 418.423 Thread 0x000001f37b574670 flushing  nmethod 0x000001f36841b610
Event: 418.423 Thread 0x000001f37b574670 flushing  nmethod 0x000001f36841ba90
Event: 418.423 Thread 0x000001f37b574670 flushing  nmethod 0x000001f36843d610

Events (20 events):
Event: 955.051 Thread 0x000001f3463ade30 Thread added: 0x000001f3463ab6d0
Event: 955.052 Thread 0x000001f3463ab6d0 Thread exited: 0x000001f3463ab6d0
Event: 1376.777 Thread 0x000001f3463ade30 Thread added: 0x000001f3463ac3f0
Event: 1376.777 Thread 0x000001f3463ac3f0 Thread exited: 0x000001f3463ac3f0
Event: 1376.778 Thread 0x000001f3463ade30 Thread added: 0x000001f3463ab6d0
Event: 1376.779 Thread 0x000001f3463ab6d0 Thread exited: 0x000001f3463ab6d0
Event: 1678.046 Thread 0x000001f37e5e0de0 Thread added: 0x000001f3463ab6d0
Event: 1678.047 Thread 0x000001f3463ab6d0 Thread exited: 0x000001f3463ab6d0
Event: 1678.047 Thread 0x000001f37e5e0de0 Thread added: 0x000001f3463ab6d0
Event: 1678.048 Thread 0x000001f3463ab6d0 Thread exited: 0x000001f3463ab6d0
Event: 2042.847 Thread 0x000001f3463ade30 Thread added: 0x000001f3463ab6d0
Event: 2042.848 Thread 0x000001f3463ab6d0 Thread exited: 0x000001f3463ab6d0
Event: 2042.848 Thread 0x000001f3463ade30 Thread added: 0x000001f3463ab6d0
Event: 2042.848 Thread 0x000001f3463ab6d0 Thread exited: 0x000001f3463ab6d0
Event: 2359.190 Thread 0x000001f3463ade30 Thread added: 0x000001f3463abd60
Event: 2359.192 Thread 0x000001f3463ade30 Thread added: 0x000001f3463ac3f0
Event: 2359.192 Thread 0x000001f3463ac3f0 Thread exited: 0x000001f3463ac3f0
Event: 2359.193 Thread 0x000001f3463ade30 Thread added: 0x000001f3463ac3f0
Event: 2359.193 Thread 0x000001f3463ac3f0 Thread exited: 0x000001f3463ac3f0
Event: 2508.385 Thread 0x000001f3463abd60 Thread exited: 0x000001f3463abd60


Dynamic libraries:
0x00007ff6a1c70000 - 0x00007ff6a1c7e000 	c:\Users\Fazer-PC\.cursor\extensions\redhat.java-1.45.0-win32-x64\jre\21.0.8-win32-x86_64\bin\java.exe
0x00007ffca3220000 - 0x00007ffca3487000 	C:\WINDOWS\SYSTEM32\ntdll.dll
0x00007ffca1b80000 - 0x00007ffca1c49000 	C:\WINDOWS\System32\KERNEL32.DLL
0x00007ffca0800000 - 0x00007ffca0bf0000 	C:\WINDOWS\System32\KERNELBASE.dll
0x00007ffca04d0000 - 0x00007ffca061b000 	C:\WINDOWS\System32\ucrtbase.dll
0x00007ffc92200000 - 0x00007ffc9221e000 	c:\Users\Fazer-PC\.cursor\extensions\redhat.java-1.45.0-win32-x64\jre\21.0.8-win32-x86_64\bin\VCRUNTIME140.dll
0x00007ffc95a80000 - 0x00007ffc95a98000 	c:\Users\Fazer-PC\.cursor\extensions\redhat.java-1.45.0-win32-x64\jre\21.0.8-win32-x86_64\bin\jli.dll
0x00007ffca1dc0000 - 0x00007ffca1f85000 	C:\WINDOWS\System32\USER32.dll
0x00007ffca0f80000 - 0x00007ffca0fa7000 	C:\WINDOWS\System32\win32u.dll
0x00007ffca1f90000 - 0x00007ffca1fbb000 	C:\WINDOWS\System32\GDI32.dll
0x00007ffca06c0000 - 0x00007ffca07f8000 	C:\WINDOWS\System32\gdi32full.dll
0x00007ffc8a580000 - 0x00007ffc8a81a000 	C:\WINDOWS\WinSxS\amd64_microsoft.windows.common-controls_6595b64144ccf1df_6.0.26100.4768_none_3e0c112ce331287c\COMCTL32.dll
0x00007ffca0e10000 - 0x00007ffca0eb3000 	C:\WINDOWS\System32\msvcp_win.dll
0x00007ffca28e0000 - 0x00007ffca2989000 	C:\WINDOWS\System32\msvcrt.dll
0x00007ffca1d80000 - 0x00007ffca1daf000 	C:\WINDOWS\System32\IMM32.DLL
0x00007ffc968f0000 - 0x00007ffc968fc000 	c:\Users\Fazer-PC\.cursor\extensions\redhat.java-1.45.0-win32-x64\jre\21.0.8-win32-x86_64\bin\vcruntime140_1.dll
0x00007ffc51ff0000 - 0x00007ffc5207d000 	c:\Users\Fazer-PC\.cursor\extensions\redhat.java-1.45.0-win32-x64\jre\21.0.8-win32-x86_64\bin\msvcp140.dll
0x00007ffbe88d0000 - 0x00007ffbe9667000 	c:\Users\Fazer-PC\.cursor\extensions\redhat.java-1.45.0-win32-x64\jre\21.0.8-win32-x86_64\bin\server\jvm.dll
0x00007ffca2690000 - 0x00007ffca2744000 	C:\WINDOWS\System32\ADVAPI32.dll
0x00007ffca30e0000 - 0x00007ffca3186000 	C:\WINDOWS\System32\sechost.dll
0x00007ffca1c50000 - 0x00007ffca1d68000 	C:\WINDOWS\System32\RPCRT4.dll
0x00007ffca10d0000 - 0x00007ffca1144000 	C:\WINDOWS\System32\WS2_32.dll
0x00007ffc940d0000 - 0x00007ffc940db000 	C:\WINDOWS\SYSTEM32\VERSION.dll
0x00007ffc950e0000 - 0x00007ffc95115000 	C:\WINDOWS\SYSTEM32\WINMM.dll
0x00007ffca01b0000 - 0x00007ffca020e000 	C:\WINDOWS\SYSTEM32\POWRPROF.dll
0x00007ffca0190000 - 0x00007ffca01a4000 	C:\WINDOWS\SYSTEM32\UMPDC.dll
0x00007ffc9f0a0000 - 0x00007ffc9f0bb000 	C:\WINDOWS\SYSTEM32\kernel.appcore.dll
0x00007ffc96250000 - 0x00007ffc9625a000 	c:\Users\Fazer-PC\.cursor\extensions\redhat.java-1.45.0-win32-x64\jre\21.0.8-win32-x86_64\bin\jimage.dll
0x00007ffc942c0000 - 0x00007ffc94501000 	C:\WINDOWS\SYSTEM32\DBGHELP.DLL
0x00007ffca1fc0000 - 0x00007ffca2345000 	C:\WINDOWS\System32\combase.dll
0x00007ffca2750000 - 0x00007ffca2830000 	C:\WINDOWS\System32\OLEAUT32.dll
0x00007ffc8e700000 - 0x00007ffc8e743000 	C:\WINDOWS\SYSTEM32\dbgcore.DLL
0x00007ffca0620000 - 0x00007ffca06b9000 	C:\WINDOWS\System32\bcryptPrimitives.dll
0x00007ffc95fc0000 - 0x00007ffc95fcf000 	c:\Users\Fazer-PC\.cursor\extensions\redhat.java-1.45.0-win32-x64\jre\21.0.8-win32-x86_64\bin\instrument.dll
0x00007ffc88dd0000 - 0x00007ffc88def000 	c:\Users\Fazer-PC\.cursor\extensions\redhat.java-1.45.0-win32-x64\jre\21.0.8-win32-x86_64\bin\java.dll
0x00007ffca2990000 - 0x00007ffca30dd000 	C:\WINDOWS\System32\SHELL32.dll
0x00007ffca0c90000 - 0x00007ffca0e03000 	C:\WINDOWS\System32\wintypes.dll
0x00007ffc9df40000 - 0x00007ffc9e7a0000 	C:\WINDOWS\SYSTEM32\windows.storage.dll
0x00007ffca2530000 - 0x00007ffca2625000 	C:\WINDOWS\System32\SHCORE.dll
0x00007ffca1060000 - 0x00007ffca10ca000 	C:\WINDOWS\System32\shlwapi.dll
0x00007ffca0270000 - 0x00007ffca0299000 	C:\WINDOWS\SYSTEM32\profapi.dll
0x00007ffc88870000 - 0x00007ffc88888000 	c:\Users\Fazer-PC\.cursor\extensions\redhat.java-1.45.0-win32-x64\jre\21.0.8-win32-x86_64\bin\zip.dll
0x00007ffc93420000 - 0x00007ffc93430000 	C:\Users\Fazer-PC\.cursor\extensions\redhat.java-1.45.0-win32-x64\jre\21.0.8-win32-x86_64\bin\net.dll
0x00007ffc958c0000 - 0x00007ffc959de000 	C:\WINDOWS\SYSTEM32\WINHTTP.dll
0x00007ffc9f630000 - 0x00007ffc9f69b000 	C:\WINDOWS\system32\mswsock.dll
0x00007ffc88850000 - 0x00007ffc88866000 	C:\Users\Fazer-PC\.cursor\extensions\redhat.java-1.45.0-win32-x64\jre\21.0.8-win32-x86_64\bin\nio.dll
0x00007ffc923e0000 - 0x00007ffc923f0000 	c:\Users\Fazer-PC\.cursor\extensions\redhat.java-1.45.0-win32-x64\jre\21.0.8-win32-x86_64\bin\verify.dll
0x00007ffc7bea0000 - 0x00007ffc7bee4000 	C:\Users\Fazer-PC\AppData\Roaming\Cursor\User\globalStorage\redhat.java\1.45.0\config_win\org.eclipse.equinox.launcher\org.eclipse.equinox.launcher.win32.win32.x86_64_1.2.1400.v20250801-0854\eclipse_11916.dll
0x00007ffca2360000 - 0x00007ffca2500000 	C:\WINDOWS\System32\ole32.dll
0x00007ffc9f900000 - 0x00007ffc9f91b000 	C:\WINDOWS\SYSTEM32\CRYPTSP.dll
0x00007ffc9f000000 - 0x00007ffc9f03b000 	C:\WINDOWS\system32\rsaenh.dll
0x00007ffc9f6d0000 - 0x00007ffc9f6fb000 	C:\WINDOWS\SYSTEM32\USERENV.dll
0x00007ffca0240000 - 0x00007ffca0266000 	C:\WINDOWS\SYSTEM32\bcrypt.dll
0x00007ffc9f8f0000 - 0x00007ffc9f8fc000 	C:\WINDOWS\SYSTEM32\CRYPTBASE.dll
0x00007ffc9eab0000 - 0x00007ffc9eae3000 	C:\WINDOWS\SYSTEM32\IPHLPAPI.DLL
0x00007ffca2350000 - 0x00007ffca235a000 	C:\WINDOWS\System32\NSI.dll
0x00007ffc76770000 - 0x00007ffc767b9000 	C:\Users\Fazer-PC\AppData\Local\Temp\jna-1220657012\jna8308588638145687135.dll
0x00007ffca2520000 - 0x00007ffca2528000 	C:\WINDOWS\System32\PSAPI.DLL
0x00007ffc98a40000 - 0x00007ffc98a5f000 	C:\WINDOWS\SYSTEM32\dhcpcsvc6.DLL
0x00007ffc95320000 - 0x00007ffc95345000 	C:\WINDOWS\SYSTEM32\dhcpcsvc.DLL
0x00007ffc8ebb0000 - 0x00007ffc8ebbe000 	C:\Users\Fazer-PC\.cursor\extensions\redhat.java-1.45.0-win32-x64\jre\21.0.8-win32-x86_64\bin\sunmscapi.dll
0x00007ffca0350000 - 0x00007ffca04c7000 	C:\WINDOWS\System32\CRYPT32.dll
0x00007ffc9fa90000 - 0x00007ffc9fac0000 	C:\WINDOWS\SYSTEM32\ncrypt.dll
0x00007ffc9fa40000 - 0x00007ffc9fa7f000 	C:\WINDOWS\SYSTEM32\NTASN1.dll
0x00007ffc9eb40000 - 0x00007ffc9ec66000 	C:\WINDOWS\SYSTEM32\DNSAPI.dll
0x00007ffc98a70000 - 0x00007ffc98a7b000 	C:\Windows\System32\rasadhlp.dll
0x00007ffc94130000 - 0x00007ffc941b6000 	C:\WINDOWS\System32\fwpuclnt.dll
0x00007ffc8e790000 - 0x00007ffc8e799000 	C:\Users\Fazer-PC\.cursor\extensions\redhat.java-1.45.0-win32-x64\jre\21.0.8-win32-x86_64\bin\extnet.dll
0x00007ffc982a0000 - 0x00007ffc982c7000 	C:\Users\Fazer-PC\.gradle\native\c067742578af261105cb4f569cf0c3c89f3d7b1fecec35dd04571415982c5e48\windows-amd64\native-platform.dll
0x00007ffc90770000 - 0x00007ffc9077a000 	C:\Users\Fazer-PC\.cursor\extensions\redhat.java-1.45.0-win32-x64\jre\21.0.8-win32-x86_64\bin\management.dll
0x00007ffc8ec60000 - 0x00007ffc8ec6b000 	C:\Users\Fazer-PC\.cursor\extensions\redhat.java-1.45.0-win32-x64\jre\21.0.8-win32-x86_64\bin\management_ext.dll
0x00007ffc97bd0000 - 0x00007ffc97bd8000 	C:\WINDOWS\system32\wshunix.dll

JVMTI agents:
c:\Users\Fazer-PC\.cursor\extensions\redhat.java-1.45.0-win32-x64\lombok\lombok-1.18.39-4050.jar path:c:\Users\Fazer-PC\.cursor\extensions\redhat.java-1.45.0-win32-x64\jre\21.0.8-win32-x86_64\bin\instrument.dll, loaded, initialized, instrumentlib options:none

dbghelp: loaded successfully - version: 4.0.5 - missing functions: none
symbol engine: initialized successfully - sym options: 0x614 - pdb path: .;c:\Users\Fazer-PC\.cursor\extensions\redhat.java-1.45.0-win32-x64\jre\21.0.8-win32-x86_64\bin;C:\WINDOWS\SYSTEM32;C:\WINDOWS\WinSxS\amd64_microsoft.windows.common-controls_6595b64144ccf1df_6.0.26100.4768_none_3e0c112ce331287c;c:\Users\Fazer-PC\.cursor\extensions\redhat.java-1.45.0-win32-x64\jre\21.0.8-win32-x86_64\bin\server;C:\Users\Fazer-PC\AppData\Roaming\Cursor\User\globalStorage\redhat.java\1.45.0\config_win\org.eclipse.equinox.launcher\org.eclipse.equinox.launcher.win32.win32.x86_64_1.2.1400.v20250801-0854;C:\Users\Fazer-PC\AppData\Local\Temp\jna-1220657012;C:\Users\Fazer-PC\.gradle\native\c067742578af261105cb4f569cf0c3c89f3d7b1fecec35dd04571415982c5e48\windows-amd64

VM Arguments:
jvm_args: --add-modules=ALL-SYSTEM --add-opens=java.base/java.util=ALL-UNNAMED --add-opens=java.base/java.lang=ALL-UNNAMED --add-opens=java.base/sun.nio.fs=ALL-UNNAMED -Declipse.application=org.eclipse.jdt.ls.core.id1 -Dosgi.bundles.defaultStartLevel=4 -Declipse.product=org.eclipse.jdt.ls.core.product -Djava.import.generatesMetadataFilesAtProjectRoot=false -DDetectVMInstallationsJob.disabled=true -Dfile.encoding=utf8 -XX:+UseParallelGC -XX:GCTimeRatio=4 -XX:AdaptiveSizePolicyWeight=90 -Dsun.zip.disableMemoryMapping=true -Xmx2G -Xms100m -Xlog:disable -javaagent:c:\Users\Fazer-PC\.cursor\extensions\redhat.java-1.45.0-win32-x64\lombok\lombok-1.18.39-4050.jar -XX:+HeapDumpOnOutOfMemoryError -XX:HeapDumpPath=c:\Users\Fazer-PC\AppData\Roaming\Cursor\User\workspaceStorage\53e90172835553633decfbd725166b6d\redhat.java -Daether.dependencyCollector.impl=bf 
java_command: c:\Users\Fazer-PC\.cursor\extensions\redhat.java-1.45.0-win32-x64\server\plugins\org.eclipse.equinox.launcher_1.7.0.v20250519-0528.jar -configuration c:\Users\Fazer-PC\AppData\Roaming\Cursor\User\globalStorage\redhat.java\1.45.0\config_win -data c:\Users\Fazer-PC\AppData\Roaming\Cursor\User\workspaceStorage\53e90172835553633decfbd725166b6d\redhat.java\jdt_ws --pipe=\\.\pipe\lsp-5f4a595e04f9ae0be932c3b7a5c25b5a-sock
java_class_path (initial): c:\Users\Fazer-PC\.cursor\extensions\redhat.java-1.45.0-win32-x64\server\plugins\org.eclipse.equinox.launcher_1.7.0.v20250519-0528.jar
Launcher Type: SUN_STANDARD

[Global flags]
    uintx AdaptiveSizePolicyWeight                 = 90                                        {product} {command line}
     intx CICompilerCount                          = 4                                         {product} {ergonomic}
    uintx GCTimeRatio                              = 4                                         {product} {command line}
     bool HeapDumpOnOutOfMemoryError               = true                                   {manageable} {command line}
    ccstr HeapDumpPath                             = c:\Users\Fazer-PC\AppData\Roaming\Cursor\User\workspaceStorage\53e90172835553633decfbd725166b6d\redhat.java         {manageable} {command line}
   size_t InitialHeapSize                          = 104857600                                 {product} {command line}
   size_t MaxHeapSize                              = 2147483648                                {product} {command line}
   size_t MaxNewSize                               = 715653120                                 {product} {ergonomic}
   size_t MinHeapDeltaBytes                        = 524288                                    {product} {ergonomic}
   size_t MinHeapSize                              = 104857600                                 {product} {command line}
   size_t NewSize                                  = 34603008                                  {product} {ergonomic}
    uintx NonNMethodCodeHeapSize                   = 5839372                                {pd product} {ergonomic}
    uintx NonProfiledCodeHeapSize                  = 122909434                              {pd product} {ergonomic}
   size_t OldSize                                  = 70254592                                  {product} {ergonomic}
    uintx ProfiledCodeHeapSize                     = 122909434                              {pd product} {ergonomic}
    uintx ReservedCodeCacheSize                    = 251658240                              {pd product} {ergonomic}
     bool SegmentedCodeCache                       = true                                      {product} {ergonomic}
   size_t SoftMaxHeapSize                          = 2147483648                             {manageable} {ergonomic}
     bool UseCompressedOops                        = true                           {product lp64_product} {ergonomic}
     bool UseLargePagesIndividualAllocation        = false                                  {pd product} {ergonomic}
     bool UseParallelGC                            = true                                      {product} {command line}

Logging:
Log output configuration:
 #0: stdout all=off uptime,level,tags foldmultilines=false
 #1: stderr all=off uptime,level,tags foldmultilines=false

Environment Variables:
PATH=C:\Program Files\Common Files\Oracle\Java\javapath;C:\WINDOWS\system32;C:\WINDOWS;C:\WINDOWS\System32\Wbem;C:\WINDOWS\System32\WindowsPowerShell\v1.0\;C:\WINDOWS\System32\OpenSSH\;D:\Programs\PuTTY\;D:\Programs\NodeJS\;C:\Program Files\dotnet\;C:\ProgramData\ComposerSetup\bin;C:\Program Files\Git\cmd;C:\Users\Fazer-PC\AppData\Local\Programs\Python\Python313\Scripts\;C:\Users\Fazer-PC\AppData\Local\Programs\Python\Python313\;C:\Users\Fazer-PC\AppData\Local\Programs\Python\Launcher\;D:\Programs\OSPanel\bin;C:\Users\Fazer-PC\AppData\Local\Microsoft\WindowsApps;D:\Programs\JetBrains\PhpStorm 2023.1.3\bin;D:\Programs\JetBrains\WebStorm 2023.1.3\bin;D:\Programs\JetBrains\PyCharm 2023.1.3\bin;C:\Users\Fazer-PC\AppData\Roaming\npm;C:\Users\Fazer-PC\AppData\Roaming\Composer\vendor\bin;D:\Programs\Microsoft VS Code\bin;C:\Users\Fazer-PC\AppData\Local\Programs\cursor\resources\app\bin;D:\Programs\JetBrains\IntelliJ IDEA 2025.1.1.1\bin;C:\Users\Fazer-PC\AppData\Local\Android\Sdk\platform-tools;D:\Programs\OSPanel\modules\PHP-8.3\PHP;C:\Users\Fazer-PC\AppData\Local\GitHubDesktop\bin;D:\Programs\JetBrains\DataGrip 2023.1.2\bin;;C:\Users\Fazer-PC\AppData\Local\Microsoft\WindowsApps;
USERNAME=Fazer-PC
OS=Windows_NT
PROCESSOR_IDENTIFIER=AMD64 Family 23 Model 113 Stepping 0, AuthenticAMD
TMP=C:\Users\Fazer-PC\AppData\Local\Temp
TEMP=C:\Users\Fazer-PC\AppData\Local\Temp




Periodic native trim disabled

---------------  S Y S T E M  ---------------

OS:
 Windows 11 , 64 bit Build 26100 (10.0.26100.4768)
OS uptime: 14 days 8:46 hours

CPU: total 12 (initial active 12) (12 cores per cpu, 2 threads per core) family 23 model 113 stepping 0 microcode 0x8701030, cx8, cmov, fxsr, ht, mmx, 3dnowpref, sse, sse2, sse3, ssse3, sse4a, sse4.1, sse4.2, popcnt, lzcnt, tsc, tscinvbit, avx, avx2, aes, clmul, bmi1, bmi2, adx, sha, fma, vzeroupper, clflush, clflushopt, rdtscp, rdpid, f16c
Processor Information for the first 12 processors :
  Max Mhz: 4200, Current Mhz: 4200, Mhz Limit: 4200

Memory: 4k page, system-wide physical 32671M (8727M free)
TotalPageFile size 48671M (AvailPageFile size 59M)
current process WorkingSet (physical memory assigned to process): 271M, peak: 510M
current process commit charge ("private bytes"): 581M, peak: 589M

vm_info: OpenJDK 64-Bit Server VM (21.0.8+9-LTS) for windows-amd64 JRE (21.0.8+9-LTS), built on 2025-07-15T00:00:00Z by "admin" with MS VC++ 17.7 (VS2022)

END.
